Archive member included to satisfy reference by file (symbol)

c:/st/stm32cubeide_1.6.1/stm32cubeide/plugins/com.st.stm32cube.ide.mcu.externaltools.gnu-tools-for-stm32.9-2020-q2-update.win32_1.5.0.202011040924/tools/bin/../lib/gcc/arm-none-eabi/9.3.1/../../../../arm-none-eabi/lib/thumb/v7e-m+fp/hard\libc_nano.a(lib_a-errno.o)
                              Core/Src/syscalls.o (__errno)
c:/st/stm32cubeide_1.6.1/stm32cubeide/plugins/com.st.stm32cube.ide.mcu.externaltools.gnu-tools-for-stm32.9-2020-q2-update.win32_1.5.0.202011040924/tools/bin/../lib/gcc/arm-none-eabi/9.3.1/../../../../arm-none-eabi/lib/thumb/v7e-m+fp/hard\libc_nano.a(lib_a-exit.o)
                              c:/st/stm32cubeide_1.6.1/stm32cubeide/plugins/com.st.stm32cube.ide.mcu.externaltools.gnu-tools-for-stm32.9-2020-q2-update.win32_1.5.0.202011040924/tools/bin/../lib/gcc/arm-none-eabi/9.3.1/../../../../arm-none-eabi/lib/thumb/v7e-m+fp/hard/crt0.o (exit)
c:/st/stm32cubeide_1.6.1/stm32cubeide/plugins/com.st.stm32cube.ide.mcu.externaltools.gnu-tools-for-stm32.9-2020-q2-update.win32_1.5.0.202011040924/tools/bin/../lib/gcc/arm-none-eabi/9.3.1/../../../../arm-none-eabi/lib/thumb/v7e-m+fp/hard\libc_nano.a(lib_a-impure.o)
                              c:/st/stm32cubeide_1.6.1/stm32cubeide/plugins/com.st.stm32cube.ide.mcu.externaltools.gnu-tools-for-stm32.9-2020-q2-update.win32_1.5.0.202011040924/tools/bin/../lib/gcc/arm-none-eabi/9.3.1/../../../../arm-none-eabi/lib/thumb/v7e-m+fp/hard\libc_nano.a(lib_a-exit.o) (_global_impure_ptr)
c:/st/stm32cubeide_1.6.1/stm32cubeide/plugins/com.st.stm32cube.ide.mcu.externaltools.gnu-tools-for-stm32.9-2020-q2-update.win32_1.5.0.202011040924/tools/bin/../lib/gcc/arm-none-eabi/9.3.1/../../../../arm-none-eabi/lib/thumb/v7e-m+fp/hard\libc_nano.a(lib_a-init.o)
                              c:/st/stm32cubeide_1.6.1/stm32cubeide/plugins/com.st.stm32cube.ide.mcu.externaltools.gnu-tools-for-stm32.9-2020-q2-update.win32_1.5.0.202011040924/tools/bin/../lib/gcc/arm-none-eabi/9.3.1/../../../../arm-none-eabi/lib/thumb/v7e-m+fp/hard/crt0.o (__libc_init_array)
c:/st/stm32cubeide_1.6.1/stm32cubeide/plugins/com.st.stm32cube.ide.mcu.externaltools.gnu-tools-for-stm32.9-2020-q2-update.win32_1.5.0.202011040924/tools/bin/../lib/gcc/arm-none-eabi/9.3.1/../../../../arm-none-eabi/lib/thumb/v7e-m+fp/hard\libc_nano.a(lib_a-memcmp.o)
                              Core/Src/vpc3_spi.o (memcmp)
c:/st/stm32cubeide_1.6.1/stm32cubeide/plugins/com.st.stm32cube.ide.mcu.externaltools.gnu-tools-for-stm32.9-2020-q2-update.win32_1.5.0.202011040924/tools/bin/../lib/gcc/arm-none-eabi/9.3.1/../../../../arm-none-eabi/lib/thumb/v7e-m+fp/hard\libc_nano.a(lib_a-memcpy-stub.o)
                              Core/Src/DpCfg.o (memcpy)
c:/st/stm32cubeide_1.6.1/stm32cubeide/plugins/com.st.stm32cube.ide.mcu.externaltools.gnu-tools-for-stm32.9-2020-q2-update.win32_1.5.0.202011040924/tools/bin/../lib/gcc/arm-none-eabi/9.3.1/../../../../arm-none-eabi/lib/thumb/v7e-m+fp/hard\libc_nano.a(lib_a-memset.o)
                              c:/st/stm32cubeide_1.6.1/stm32cubeide/plugins/com.st.stm32cube.ide.mcu.externaltools.gnu-tools-for-stm32.9-2020-q2-update.win32_1.5.0.202011040924/tools/bin/../lib/gcc/arm-none-eabi/9.3.1/../../../../arm-none-eabi/lib/thumb/v7e-m+fp/hard/crt0.o (memset)
c:/st/stm32cubeide_1.6.1/stm32cubeide/plugins/com.st.stm32cube.ide.mcu.externaltools.gnu-tools-for-stm32.9-2020-q2-update.win32_1.5.0.202011040924/tools/bin/../lib/gcc/arm-none-eabi/9.3.1/../../../../arm-none-eabi/lib/thumb/v7e-m+fp/hard\libc_nano.a(lib_a-printf.o)
                              Core/Src/DpAppl.o (printf)
c:/st/stm32cubeide_1.6.1/stm32cubeide/plugins/com.st.stm32cube.ide.mcu.externaltools.gnu-tools-for-stm32.9-2020-q2-update.win32_1.5.0.202011040924/tools/bin/../lib/gcc/arm-none-eabi/9.3.1/../../../../arm-none-eabi/lib/thumb/v7e-m+fp/hard\libc_nano.a(lib_a-putchar.o)
                              Core/Src/DpDiag.o (putchar)
c:/st/stm32cubeide_1.6.1/stm32cubeide/plugins/com.st.stm32cube.ide.mcu.externaltools.gnu-tools-for-stm32.9-2020-q2-update.win32_1.5.0.202011040924/tools/bin/../lib/gcc/arm-none-eabi/9.3.1/../../../../arm-none-eabi/lib/thumb/v7e-m+fp/hard\libc_nano.a(lib_a-puts.o)
                              Core/Src/DpAppl.o (puts)
c:/st/stm32cubeide_1.6.1/stm32cubeide/plugins/com.st.stm32cube.ide.mcu.externaltools.gnu-tools-for-stm32.9-2020-q2-update.win32_1.5.0.202011040924/tools/bin/../lib/gcc/arm-none-eabi/9.3.1/../../../../arm-none-eabi/lib/thumb/v7e-m+fp/hard\libc_nano.a(lib_a-wbuf.o)
                              c:/st/stm32cubeide_1.6.1/stm32cubeide/plugins/com.st.stm32cube.ide.mcu.externaltools.gnu-tools-for-stm32.9-2020-q2-update.win32_1.5.0.202011040924/tools/bin/../lib/gcc/arm-none-eabi/9.3.1/../../../../arm-none-eabi/lib/thumb/v7e-m+fp/hard\libc_nano.a(lib_a-puts.o) (__swbuf_r)
[...]
Memory Configuration

Name             Origin             Length             Attributes
RAM              0x0000000020000000 0x0000000000018000 xrw
FLASH            0x0000000008000000 0x0000000000080000 xr
*default*        0x0000000000000000 0xffffffffffffffff

Linker script and memory map

LOAD c:/st/stm32cubeide_1.6.1/stm32cubeide/plugins/com.st.stm32cube.ide.mcu.externaltools.gnu-tools-for-stm32.9-2020-q2-update.win32_1.5.0.202011040924/tools/bin/../lib/gcc/arm-none-eabi/9.3.1/thumb/v7e-m+fp/hard/crti.o
LOAD c:/st/stm32cubeide_1.6.1/stm32cubeide/plugins/com.st.stm32cube.ide.mcu.externaltools.gnu-tools-for-stm32.9-2020-q2-update.win32_1.5.0.202011040924/tools/bin/../lib/gcc/arm-none-eabi/9.3.1/thumb/v7e-m+fp/hard/crtbegin.o
LOAD c:/st/stm32cubeide_1.6.1/stm32cubeide/plugins/com.st.stm32cube.ide.mcu.externaltools.gnu-tools-for-stm32.9-2020-q2-update.win32_1.5.0.202011040924/tools/bin/../lib/gcc/arm-none-eabi/9.3.1/../../../../arm-none-eabi/lib/thumb/v7e-m+fp/hard/crt0.o
LOAD Core/Src/DpAppl.o
LOAD Core/Src/DpCfg.o
LOAD Core/Src/DpDiag.o
LOAD Core/Src/DpPrm.o
LOAD Core/Src/dp_if.o
LOAD Core/Src/dp_isr.o
LOAD Core/Src/main.o
LOAD Core/Src/stm32f4xx_hal_msp.o
LOAD Core/Src/stm32f4xx_it.o
LOAD Core/Src/syscalls.o
LOAD Core/Src/sysmem.o
LOAD Core/Src/system_stm32f4xx.o
LOAD Core/Src/vpc3_spi.o
LOAD Core/Startup/startup_stm32f401retx.o
LOAD Drivers/STM32F4xx_HAL_Driver/Src/stm32f4xx_hal.o
LOAD Drivers/STM32F4xx_HAL_Driver/Src/stm32f4xx_hal_cortex.o
LOAD Drivers/STM32F4xx_HAL_Driver/Src/stm32f4xx_hal_dma.o
LOAD Drivers/STM32F4xx_HAL_Driver/Src/stm32f4xx_hal_dma_ex.o
LOAD Drivers/STM32F4xx_HAL_Driver/Src/stm32f4xx_hal_exti.o
LOAD Drivers/STM32F4xx_HAL_Driver/Src/stm32f4xx_hal_flash.o
LOAD Drivers/STM32F4xx_HAL_Driver/Src/stm32f4xx_hal_flash_ex.o
LOAD Drivers/STM32F4xx_HAL_Driver/Src/stm32f4xx_hal_flash_ramfunc.o
LOAD Drivers/STM32F4xx_HAL_Driver/Src/stm32f4xx_hal_gpio.o
LOAD Drivers/STM32F4xx_HAL_Driver/Src/stm32f4xx_hal_pwr.o
LOAD Drivers/STM32F4xx_HAL_Driver/Src/stm32f4xx_hal_pwr_ex.o
LOAD Drivers/STM32F4xx_HAL_Driver/Src/stm32f4xx_hal_rcc.o
LOAD Drivers/STM32F4xx_HAL_Driver/Src/stm32f4xx_hal_rcc_ex.o
LOAD Drivers/STM32F4xx_HAL_Driver/Src/stm32f4xx_hal_spi.o
LOAD Drivers/STM32F4xx_HAL_Driver/Src/stm32f4xx_hal_tim.o
LOAD Drivers/STM32F4xx_HAL_Driver/Src/stm32f4xx_hal_tim_ex.o
LOAD Drivers/STM32F4xx_HAL_Driver/Src/stm32f4xx_hal_uart.o
START GROUP
LOAD c:/st/stm32cubeide_1.6.1/stm32cubeide/plugins/com.st.stm32cube.ide.mcu.externaltools.gnu-tools-for-stm32.9-2020-q2-update.win32_1.5.0.202011040924/tools/bin/../lib/gcc/arm-none-eabi/9.3.1/../../../../arm-none-eabi/lib/thumb/v7e-m+fp/hard\libc_nano.a
LOAD c:/st/stm32cubeide_1.6.1/stm32cubeide/plugins/com.st.stm32cube.ide.mcu.externaltools.gnu-tools-for-stm32.9-2020-q2-update.win32_1.5.0.202011040924/tools/bin/../lib/gcc/arm-none-eabi/9.3.1/../../../../arm-none-eabi/lib/thumb/v7e-m+fp/hard\libm.a
END GROUP
START GROUP
LOAD c:/st/stm32cubeide_1.6.1/stm32cubeide/plugins/com.st.stm32cube.ide.mcu.externaltools.gnu-tools-for-stm32.9-2020-q2-update.win32_1.5.0.202011040924/tools/bin/../lib/gcc/arm-none-eabi/9.3.1/thumb/v7e-m+fp/hard\libgcc.a
LOAD c:/st/stm32cubeide_1.6.1/stm32cubeide/plugins/com.st.stm32cube.ide.mcu.externaltools.gnu-tools-for-stm32.9-2020-q2-update.win32_1.5.0.202011040924/tools/bin/../lib/gcc/arm-none-eabi/9.3.1/../../../../arm-none-eabi/lib/thumb/v7e-m+fp/hard\libc_nano.a
END GROUP
START GROUP
LOAD c:/st/stm32cubeide_1.6.1/stm32cubeide/plugins/com.st.stm32cube.ide.mcu.externaltools.gnu-tools-for-stm32.9-2020-q2-update.win32_1.5.0.202011040924/tools/bin/../lib/gcc/arm-none-eabi/9.3.1/thumb/v7e-m+fp/hard\libgcc.a
LOAD c:/st/stm32cubeide_1.6.1/stm32cubeide/plugins/com.st.stm32cube.ide.mcu.externaltools.gnu-tools-for-stm32.9-2020-q2-update.win32_1.5.0.202011040924/tools/bin/../lib/gcc/arm-none-eabi/9.3.1/../../../../arm-none-eabi/lib/thumb/v7e-m+fp/hard\libc_nano.a
LOAD c:/st/stm32cubeide_1.6.1/stm32cubeide/plugins/com.st.stm32cube.ide.mcu.externaltools.gnu-tools-for-stm32.9-2020-q2-update.win32_1.5.0.202011040924/tools/bin/../lib/gcc/arm-none-eabi/9.3.1/../../../../arm-none-eabi/lib/thumb/v7e-m+fp/hard\libnosys.a
END GROUP
START GROUP
LOAD c:/st/stm32cubeide_1.6.1/stm32cubeide/plugins/com.st.stm32cube.ide.mcu.externaltools.gnu-tools-for-stm32.9-2020-q2-update.win32_1.5.0.202011040924/tools/bin/../lib/gcc/arm-none-eabi/9.3.1/thumb/v7e-m+fp/hard\libgcc.a
LOAD c:/st/stm32cubeide_1.6.1/stm32cubeide/plugins/com.st.stm32cube.ide.mcu.externaltools.gnu-tools-for-stm32.9-2020-q2-update.win32_1.5.0.202011040924/tools/bin/../lib/gcc/arm-none-eabi/9.3.1/../../../../arm-none-eabi/lib/thumb/v7e-m+fp/hard\libc_nano.a
LOAD c:/st/stm32cubeide_1.6.1/stm32cubeide/plugins/com.st.stm32cube.ide.mcu.externaltools.gnu-tools-for-stm32.9-2020-q2-update.win32_1.5.0.202011040924/tools/bin/../lib/gcc/arm-none-eabi/9.3.1/../../../../arm-none-eabi/lib/thumb/v7e-m+fp/hard\libnosys.a
END GROUP
LOAD c:/st/stm32cubeide_1.6.1/stm32cubeide/plugins/com.st.stm32cube.ide.mcu.externaltools.gnu-tools-for-stm32.9-2020-q2-update.win32_1.5.0.202011040924/tools/bin/../lib/gcc/arm-none-eabi/9.3.1/thumb/v7e-m+fp/hard/crtend.o
LOAD c:/st/stm32cubeide_1.6.1/stm32cubeide/plugins/com.st.stm32cube.ide.mcu.externaltools.gnu-tools-for-stm32.9-2020-q2-update.win32_1.5.0.202011040924/tools/bin/../lib/gcc/arm-none-eabi/9.3.1/thumb/v7e-m+fp/hard/crtn.o
                0x0000000020018000                _estack = (ORIGIN (RAM) + LENGTH (RAM))
                0x0000000000000200                _Min_Heap_Size = 0x200
                0x0000000000000400                _Min_Stack_Size = 0x400

.isr_vector     0x0000000008000000      0x194
                0x0000000008000000                . = ALIGN (0x4)
 *(.isr_vector)
 .isr_vector    0x0000000008000000      0x194 Core/Startup/startup_stm32f401retx.o
                0x0000000008000000                g_pfnVectors
                0x0000000008000194                . = ALIGN (0x4)

.text           0x00000000080001a0     0x9b7c
                0x00000000080001a0                . = ALIGN (0x4)
 *(.text)
 .text          0x00000000080001a0       0x40 c:/st/stm32cubeide_1.6.1/stm32cubeide/plugins/com.st.stm32cube.ide.mcu.externaltools.gnu-tools-for-stm32.9-2020-q2-update.win32_1.5.0.202011040924/tools/bin/../lib/gcc/arm-none-eabi/9.3.1/thumb/v7e-m+fp/hard/crtbegin.o
 .text          0x00000000080001e0       0xa0 c:/st/stm32cubeide_1.6.1/stm32cubeide/plugins/com.st.stm32cube.ide.mcu.externaltools.gnu-tools-for-stm32.9-2020-q2-update.win32_1.5.0.202011040924/tools/bin/../lib/gcc/arm-none-eabi/9.3.1/../../../../arm-none-eabi/lib/thumb/v7e-m+fp/hard\libc_nano.a(lib_a-memchr.o)
                0x00000000080001e0                memchr
 .text          0x0000000008000280       0x30 c:/st/stm32cubeide_1.6.1/stm32cubeide/plugins/com.st.stm32cube.ide.mcu.externaltools.gnu-tools-for-stm32.9-2020-q2-update.win32_1.5.0.202011040924/tools/bin/../lib/gcc/arm-none-eabi/9.3.1/thumb/v7e-m+fp/hard\libgcc.a(_aeabi_uldivmod.o)
                0x0000000008000280                __aeabi_uldivmod
 .text          0x00000000080002b0      0x2c4 c:/st/stm32cubeide_1.6.1/stm32cubeide/plugins/com.st.stm32cube.ide.mcu.externaltools.gnu-tools-for-stm32.9-2020-q2-update.win32_1.5.0.202011040924/tools/bin/../lib/gcc/arm-none-eabi/9.3.1/thumb/v7e-m+fp/hard\libgcc.a(_udivmoddi4.o)
                0x00000000080002b0                __udivmoddi4
 .text          0x0000000008000574        0x4 c:/st/stm32cubeide_1.6.1/stm32cubeide/plugins/com.st.stm32cube.ide.mcu.externaltools.gnu-tools-for-stm32.9-2020-q2-update.win32_1.5.0.202011040924/tools/bin/../lib/gcc/arm-none-eabi/9.3.1/thumb/v7e-m+fp/hard\libgcc.a(_dvmd_tls.o)
                0x0000000008000574                __aeabi_idiv0
                0x0000000008000574                __aeabi_ldiv0
 *(.text*)
 .text.DpAppl_TestApplEvent
                0x0000000008000578       0x48 Core/Src/DpAppl.o
 .text.DpAppl_SetApplEvent
                0x00000000080005c0       0x28 Core/Src/DpAppl.o
 .text.DpAppl_CheckEvIoOut
                0x00000000080005e8       0x70 Core/Src/DpAppl.o
 .text.DpAppl_ReadInputData
                0x0000000008000658       0x74 Core/Src/DpAppl.o
 .text.DpAppl_ApplicationReady
                0x00000000080006cc       0xac Core/Src/DpAppl.o
 .text.DpAppl_ProfibusInit
                0x0000000008000778      0x108 Core/Src/DpAppl.o
                0x0000000008000778                DpAppl_ProfibusInit
 .text.DpAppl_ProfibusMain
                0x0000000008000880      0x748 Core/Src/DpAppl.o
                0x0000000008000880                DpAppl_ProfibusMain
 .text.DpAppl_FatalError
                0x0000000008000fc8       0xcc Core/Src/DpAppl.o
                0x0000000008000fc8                DpAppl_FatalError
 .text.DpAppl_MacReset
                0x0000000008001094        0xe Core/Src/DpAppl.o
                0x0000000008001094                DpAppl_MacReset
 *fill*         0x00000000080010a2        0x2 
 .text.DpAppl_IsrGoLeaveDataExchange
                0x00000000080010a4      0x15c Core/Src/DpAppl.o
                0x00000000080010a4                DpAppl_IsrGoLeaveDataExchange
 .text.DpAppl_IsrDxOut
                0x0000000008001200       0x24 Core/Src/DpAppl.o
                0x0000000008001200                DpAppl_IsrDxOut
 .text.DpAppl_IsrNewWdDpTimeout
                0x0000000008001224        0xe Core/Src/DpAppl.o
                0x0000000008001224                DpAppl_IsrNewWdDpTimeout
 .text.DpAppl_IsrBaudrateDetect
                0x0000000008001232        0xe Core/Src/DpAppl.o
                0x0000000008001232                DpAppl_IsrBaudrateDetect
 .text.DpAppl_IsrNewGlobalControlCommand
                0x0000000008001240       0x16 Core/Src/DpAppl.o
                0x0000000008001240                DpAppl_IsrNewGlobalControlCommand
 .text.DpAppl_IsrNewSetSlaveAddress
                0x0000000008001256       0x14 Core/Src/DpAppl.o
                0x0000000008001256                DpAppl_IsrNewSetSlaveAddress
 .text.DpAppl_DisableInterruptVPC3Channel1
                0x000000000800126a        0xe Core/Src/DpAppl.o
                0x000000000800126a                DpAppl_DisableInterruptVPC3Channel1
 .text.DpAppl_EnableInterruptVPC3Channel1
                0x0000000008001278        0xe Core/Src/DpAppl.o
                0x0000000008001278                DpAppl_EnableInterruptVPC3Channel1
 *fill*         0x0000000008001286        0x2 
 .text.leer_feedback
                0x0000000008001288       0x24 Core/Src/DpAppl.o
                0x0000000008001288                leer_feedback
 .text.DpCfg_Init
                0x00000000080012ac       0x70 Core/Src/DpCfg.o
                0x00000000080012ac                DpCfg_Init
 .text.DpCfg_ChkNewCfgData
                0x000000000800131c      0x280 Core/Src/DpCfg.o
                0x000000000800131c                DpCfg_ChkNewCfgData
 .text.DpDiag_AlarmInit
                0x000000000800159c       0x34 Core/Src/DpDiag.o
                0x000000000800159c                DpDiag_AlarmInit
 .text.DpDiag_Init
                0x00000000080015d0        0xe Core/Src/DpDiag.o
                0x00000000080015d0                DpDiag_Init
 *fill*         0x00000000080015de        0x2 
 .text.DpDiag_CheckExtDiagBit
                0x00000000080015e0       0x40 Core/Src/DpDiag.o
 .text.DpDiag_AddIdentRelDiagBlock
                0x0000000008001620       0x58 Core/Src/DpDiag.o
 .text.DpDiag_AddModuleStatDiagBlock
                0x0000000008001678       0x5c Core/Src/DpDiag.o
 .text.DpDiag_AddChannelRelDiagBlock
                0x00000000080016d4       0xb8 Core/Src/DpDiag.o
 .text.DpDiag_AddProcessAlarm
                0x000000000800178c       0x4c Core/Src/DpDiag.o
 .text.DpDiag_AddDiagnosticAlarm
                0x00000000080017d8       0x4c Core/Src/DpDiag.o
 .text.DpDiag_Alarm
                0x0000000008001824      0x4f0 Core/Src/DpDiag.o
                0x0000000008001824                DpDiag_Alarm
 .text.DpDiag_SetPrmOk
                0x0000000008001d14       0x4a Core/Src/DpDiag.o
                0x0000000008001d14                DpDiag_SetPrmOk
 .text.DpDiag_SetPrmNotOk
                0x0000000008001d5e       0x40 Core/Src/DpDiag.o
                0x0000000008001d5e                DpDiag_SetPrmNotOk
 *fill*         0x0000000008001d9e        0x2 
 .text.DpDiag_SetCfgOk
                0x0000000008001da0      0x110 Core/Src/DpDiag.o
                0x0000000008001da0                DpDiag_SetCfgOk
 .text.DpDiag_SetCfgNotOk
                0x0000000008001eb0       0x20 Core/Src/DpDiag.o
                0x0000000008001eb0                DpDiag_SetCfgNotOk
 .text.DpDiag_ResetStatDiag
                0x0000000008001ed0       0x20 Core/Src/DpDiag.o
                0x0000000008001ed0                DpDiag_ResetStatDiag
 .text.DpDiag_IsrDiagBufferChanged
                0x0000000008001ef0       0x2c Core/Src/DpDiag.o
                0x0000000008001ef0                DpDiag_IsrDiagBufferChanged
 .text.DpDiag_SetDefIdentRelDiag
                0x0000000008001f1c       0x24 Core/Src/DpDiag.o
                0x0000000008001f1c                DpDiag_SetDefIdentRelDiag
 .text.DpDiag_SetIdentRelDiagEntry
                0x0000000008001f40       0x48 Core/Src/DpDiag.o
                0x0000000008001f40                DpDiag_SetIdentRelDiagEntry
 .text.DpDiag_ClrIdentRelDiagEntry
                0x0000000008001f88       0x4c Core/Src/DpDiag.o
                0x0000000008001f88                DpDiag_ClrIdentRelDiagEntry
 .text.DpDiag_SetDefModuleStatDiag
                0x0000000008001fd4       0x38 Core/Src/DpDiag.o
                0x0000000008001fd4                DpDiag_SetDefModuleStatDiag
 .text.DpDiag_SetModulStatusEntry
                0x000000000800200c       0x80 Core/Src/DpDiag.o
                0x000000000800200c                DpDiag_SetModulStatusEntry
 .text.DpDiag_CheckDpv0Diagnosis
                0x000000000800208c       0x6c Core/Src/DpDiag.o
                0x000000000800208c                DpDiag_CheckDpv0Diagnosis
 .text.DpPrm_Init
                0x00000000080020f8       0x1c Core/Src/DpPrm.o
                0x00000000080020f8                DpPrm_Init
 .text.DpPrm_ChkDpv1StatusBytes
                0x0000000008002114       0x54 Core/Src/DpPrm.o
 .text.DpPrm_ChkPrmCounterModulePrm
                0x0000000008002168       0x60 Core/Src/DpPrm.o
                0x0000000008002168                DpPrm_ChkPrmCounterModulePrm
 .text.DpPrm_ChkNewPrmData
                0x00000000080021c8       0xac Core/Src/DpPrm.o
                0x00000000080021c8                DpPrm_ChkNewPrmData
 .text.VPC3_MemoryTest
                0x0000000008002274      0x2dc Core/Src/dp_if.o
                0x0000000008002274                VPC3_MemoryTest
 .text.VPC3_Initialization
                0x0000000008002550      0x384 Core/Src/dp_if.o
                0x0000000008002550                VPC3_Initialization
 .text.VPC3_Start
                0x00000000080028d4      0x2d4 Core/Src/dp_if.o
                0x00000000080028d4                VPC3_Start
 .text.VPC3_SetConstants
                0x0000000008002ba8      0x2e0 Core/Src/dp_if.o
 .text.VPC3_CalculateInpOutpLength
                0x0000000008002e88      0x1ec Core/Src/dp_if.o
                0x0000000008002e88                VPC3_CalculateInpOutpLength
 .text.VPC3_InitBufferStructure
                0x0000000008003074      0x750 Core/Src/dp_if.o
 .text.VPC3_GetDoutBufPtr
                0x00000000080037c4       0x84 Core/Src/dp_if.o
                0x00000000080037c4                VPC3_GetDoutBufPtr
 .text.VPC3_GetDinBufPtr
                0x0000000008003848       0x68 Core/Src/dp_if.o
                0x0000000008003848                VPC3_GetDinBufPtr
 .text.VPC3_SetIoDataLength
                0x00000000080038b0       0x40 Core/Src/dp_if.o
                0x00000000080038b0                VPC3_SetIoDataLength
 .text.VPC3_GetDiagBufPtr
                0x00000000080038f0      0x168 Core/Src/dp_if.o
                0x00000000080038f0                VPC3_GetDiagBufPtr
 .text.VPC3_UpdateDiagnosis
                0x0000000008003a58      0x11c Core/Src/dp_if.o
 .text.VPC3_CheckDiagBufPtr
                0x0000000008003b74       0x30 Core/Src/dp_if.o
 .text.VPC3_CheckDiagBufferChanged
                0x0000000008003ba4       0x54 Core/Src/dp_if.o
                0x0000000008003ba4                VPC3_CheckDiagBufferChanged
 .text.VPC3_SetDiagnosis
                0x0000000008003bf8      0x2d4 Core/Src/dp_if.o
                0x0000000008003bf8                VPC3_SetDiagnosis
 .text.VPC3_ProcessDpv1StateMachine
                0x0000000008003ecc        0xe Core/Src/dp_if.o
                0x0000000008003ecc                VPC3_ProcessDpv1StateMachine
 *fill*         0x0000000008003eda        0x2 
 .text.VPC3_ForceModeReg2
                0x0000000008003edc       0xb4 Core/Src/dp_if.o
                0x0000000008003edc                VPC3_ForceModeReg2
 .text.VPC3_MonitorAndRecoverModeReg2
                0x0000000008003f90       0xb8 Core/Src/dp_if.o
                0x0000000008003f90                VPC3_MonitorAndRecoverModeReg2
 .text.VPC3_ValidateSegmentPointers
                0x0000000008004048      0x17c Core/Src/dp_if.o
                0x0000000008004048                VPC3_ValidateSegmentPointers
 .text.VPC3_DiagnoseMemoryMode
                0x00000000080041c4       0xc0 Core/Src/dp_if.o
                0x00000000080041c4                VPC3_DiagnoseMemoryMode
 .text.VPC3_HardwareReset
                0x0000000008004284       0xa8 Core/Src/dp_if.o
                0x0000000008004284                VPC3_HardwareReset
 .text.VPC3_Poll
                0x000000000800432c      0xb70 Core/Src/dp_isr.o
                0x000000000800432c                VPC3_Poll
 .text.dp_isr   0x0000000008004e9c      0x26c Core/Src/dp_isr.o
                0x0000000008004e9c                dp_isr
 .text.__io_putchar
                0x0000000008005108       0x24 Core/Src/main.o
                0x0000000008005108                __io_putchar
 .text.main     0x000000000800512c      0x344 Core/Src/main.o
                0x000000000800512c                main
 .text.SystemClock_Config
                0x0000000008005470       0xd8 Core/Src/main.o
                0x0000000008005470                SystemClock_Config
 .text.MX_SPI1_Init
                0x0000000008005548       0x6c Core/Src/main.o
 .text.MX_USART2_UART_Init
                0x00000000080055b4       0x54 Core/Src/main.o
 .text.MX_GPIO_Init
                0x0000000008005608      0x110 Core/Src/main.o
 .text.Error_Handler
                0x0000000008005718        0xa Core/Src/main.o
                0x0000000008005718                Error_Handler
 *fill*         0x0000000008005722        0x2 
 .text.print_vpc3_registers
                0x0000000008005724       0xf8 Core/Src/main.o
                0x0000000008005724                print_vpc3_registers
 .text.print_vpc3_state
                0x000000000800581c       0xc4 Core/Src/main.o
                0x000000000800581c                print_vpc3_state
 .text.HAL_MspInit
                0x00000000080058e0       0x50 Core/Src/stm32f4xx_hal_msp.o
                0x00000000080058e0                HAL_MspInit
 .text.HAL_SPI_MspInit
                0x0000000008005930       0xb0 Core/Src/stm32f4xx_hal_msp.o
                0x0000000008005930                HAL_SPI_MspInit
 .text.HAL_UART_MspInit
                0x00000000080059e0       0x90 Core/Src/stm32f4xx_hal_msp.o
                0x00000000080059e0                HAL_UART_MspInit
 .text.NMI_Handler
                0x0000000008005a70        0x6 Core/Src/stm32f4xx_it.o
                0x0000000008005a70                NMI_Handler
 .text.HardFault_Handler
                0x0000000008005a76        0x6 Core/Src/stm32f4xx_it.o
                0x0000000008005a76                HardFault_Handler
 .text.MemManage_Handler
                0x0000000008005a7c        0x6 Core/Src/stm32f4xx_it.o
                0x0000000008005a7c                MemManage_Handler
 .text.BusFault_Handler
                0x0000000008005a82        0x6 Core/Src/stm32f4xx_it.o
                0x0000000008005a82                BusFault_Handler
 .text.UsageFault_Handler
                0x0000000008005a88        0x6 Core/Src/stm32f4xx_it.o
                0x0000000008005a88                UsageFault_Handler
 .text.SVC_Handler
                0x0000000008005a8e        0xe Core/Src/stm32f4xx_it.o
                0x0000000008005a8e                SVC_Handler
 .text.DebugMon_Handler
                0x0000000008005a9c        0xe Core/Src/stm32f4xx_it.o
                0x0000000008005a9c                DebugMon_Handler
 .text.PendSV_Handler
                0x0000000008005aaa        0xe Core/Src/stm32f4xx_it.o
                0x0000000008005aaa                PendSV_Handler
 .text.SysTick_Handler
                0x0000000008005ab8        0xc Core/Src/stm32f4xx_it.o
                0x0000000008005ab8                SysTick_Handler
 .text.SPI1_IRQHandler
                0x0000000008005ac4       0x14 Core/Src/stm32f4xx_it.o
                0x0000000008005ac4                SPI1_IRQHandler
 .text._read    0x0000000008005ad8       0x3a Core/Src/syscalls.o
                0x0000000008005ad8                _read
 .text._write   0x0000000008005b12       0x38 Core/Src/syscalls.o
                0x0000000008005b12                _write
 .text._close   0x0000000008005b4a       0x18 Core/Src/syscalls.o
                0x0000000008005b4a                _close
 .text._fstat   0x0000000008005b62       0x20 Core/Src/syscalls.o
                0x0000000008005b62                _fstat
 .text._isatty  0x0000000008005b82       0x16 Core/Src/syscalls.o
                0x0000000008005b82                _isatty
 .text._lseek   0x0000000008005b98       0x1a Core/Src/syscalls.o
                0x0000000008005b98                _lseek
 *fill*         0x0000000008005bb2        0x2 
 .text._sbrk    0x0000000008005bb4       0x6c Core/Src/sysmem.o
                0x0000000008005bb4                _sbrk
 .text.SystemInit
                0x0000000008005c20       0x24 Core/Src/system_stm32f4xx.o
                0x0000000008005c20                SystemInit
 .text.VPC3_GetModeReg2Shadow
                0x0000000008005c44       0x18 Core/Src/vpc3_spi.o
                0x0000000008005c44                VPC3_GetModeReg2Shadow
 .text.vpc3_cs_delay
                0x0000000008005c5c       0x26 Core/Src/vpc3_spi.o
 *fill*         0x0000000008005c82        0x2 
 .text.vpc3_spi_transfer
                0x0000000008005c84       0x54 Core/Src/vpc3_spi.o
 .text.vpc3_write_with_retry
                0x0000000008005cd8       0xb8 Core/Src/vpc3_spi.o
 .text.Vpc3Write
                0x0000000008005d90      0x160 Core/Src/vpc3_spi.o
                0x0000000008005d90                Vpc3Write
 .text.Vpc3Read
                0x0000000008005ef0       0xc0 Core/Src/vpc3_spi.o
                0x0000000008005ef0                Vpc3Read
 .text.VPC3_IsAddressValid
                0x0000000008005fb0       0x38 Core/Src/vpc3_spi.o
                0x0000000008005fb0                VPC3_IsAddressValid
 .text.VPC3_LogMemoryAccess
                0x0000000008005fe8      0x14c Core/Src/vpc3_spi.o
 .text.VPC3_LogDiagnosticAccess
                0x0000000008006134       0xfc Core/Src/vpc3_spi.o
 .text.CopyToVpc3
                0x0000000008006230       0xac Core/Src/vpc3_spi.o
                0x0000000008006230                CopyToVpc3
 .text.CopyFromVpc3
                0x00000000080062dc       0xf8 Core/Src/vpc3_spi.o
                0x00000000080062dc                CopyFromVpc3
 .text.Vpc3MemSet
                0x00000000080063d4       0xb0 Core/Src/vpc3_spi.o
                0x00000000080063d4                Vpc3MemSet
 .text.Reset_Handler
                0x0000000008006484       0x50 Core/Startup/startup_stm32f401retx.o
                0x0000000008006484                Reset_Handler
 .text.Default_Handler
                0x00000000080064d4        0x2 Core/Startup/startup_stm32f401retx.o
                0x00000000080064d4                RTC_Alarm_IRQHandler
                0x00000000080064d4                EXTI2_IRQHandler
                0x00000000080064d4                SPI4_IRQHandler
                0x00000000080064d4                TIM1_CC_IRQHandler
                0x00000000080064d4                DMA2_Stream5_IRQHandler
                0x00000000080064d4                DMA1_Stream5_IRQHandler
                0x00000000080064d4                PVD_IRQHandler
                0x00000000080064d4                SDIO_IRQHandler
                0x00000000080064d4                TAMP_STAMP_IRQHandler
                0x00000000080064d4                EXTI3_IRQHandler
                0x00000000080064d4                TIM1_UP_TIM10_IRQHandler
                0x00000000080064d4                I2C3_ER_IRQHandler
                0x00000000080064d4                EXTI0_IRQHandler
                0x00000000080064d4                I2C2_EV_IRQHandler
                0x00000000080064d4                DMA1_Stream2_IRQHandler
                0x00000000080064d4                FPU_IRQHandler
                0x00000000080064d4                DMA2_Stream2_IRQHandler
                0x00000000080064d4                TIM1_BRK_TIM9_IRQHandler
                0x00000000080064d4                DMA2_Stream3_IRQHandler
                0x00000000080064d4                USART6_IRQHandler
                0x00000000080064d4                DMA2_Stream0_IRQHandler
                0x00000000080064d4                TIM4_IRQHandler
                0x00000000080064d4                I2C1_EV_IRQHandler
                0x00000000080064d4                DMA1_Stream6_IRQHandler
                0x00000000080064d4                DMA1_Stream1_IRQHandler
                0x00000000080064d4                TIM3_IRQHandler
                0x00000000080064d4                RCC_IRQHandler
                0x00000000080064d4                Default_Handler
                0x00000000080064d4                EXTI15_10_IRQHandler
                0x00000000080064d4                ADC_IRQHandler
                0x00000000080064d4                DMA1_Stream7_IRQHandler
                0x00000000080064d4                TIM5_IRQHandler
                0x00000000080064d4                DMA2_Stream7_IRQHandler
                0x00000000080064d4                I2C3_EV_IRQHandler
                0x00000000080064d4                EXTI9_5_IRQHandler
                0x00000000080064d4                RTC_WKUP_IRQHandler
                0x00000000080064d4                SPI2_IRQHandler
                0x00000000080064d4                DMA1_Stream0_IRQHandler
                0x00000000080064d4                EXTI4_IRQHandler
                0x00000000080064d4                WWDG_IRQHandler
                0x00000000080064d4                TIM2_IRQHandler
                0x00000000080064d4                OTG_FS_WKUP_IRQHandler
                0x00000000080064d4                TIM1_TRG_COM_TIM11_IRQHandler
                0x00000000080064d4                EXTI1_IRQHandler
                0x00000000080064d4                USART2_IRQHandler
                0x00000000080064d4                I2C2_ER_IRQHandler
                0x00000000080064d4                DMA2_Stream1_IRQHandler
                0x00000000080064d4                FLASH_IRQHandler
                0x00000000080064d4                DMA2_Stream4_IRQHandler
                0x00000000080064d4                USART1_IRQHandler
                0x00000000080064d4                OTG_FS_IRQHandler
                0x00000000080064d4                SPI3_IRQHandler
                0x00000000080064d4                DMA1_Stream4_IRQHandler
                0x00000000080064d4                I2C1_ER_IRQHandler
                0x00000000080064d4                DMA2_Stream6_IRQHandler
                0x00000000080064d4                DMA1_Stream3_IRQHandler
 *fill*         0x00000000080064d6        0x2 
 .text.HAL_Init
                0x00000000080064d8       0x44 Drivers/STM32F4xx_HAL_Driver/Src/stm32f4xx_hal.o
                0x00000000080064d8                HAL_Init
 .text.HAL_InitTick
                0x000000000800651c       0x60 Drivers/STM32F4xx_HAL_Driver/Src/stm32f4xx_hal.o
                0x000000000800651c                HAL_InitTick
 .text.HAL_IncTick
                0x000000000800657c       0x28 Drivers/STM32F4xx_HAL_Driver/Src/stm32f4xx_hal.o
                0x000000000800657c                HAL_IncTick
 .text.HAL_GetTick
                0x00000000080065a4       0x18 Drivers/STM32F4xx_HAL_Driver/Src/stm32f4xx_hal.o
                0x00000000080065a4                HAL_GetTick
 .text.HAL_Delay
                0x00000000080065bc       0x48 Drivers/STM32F4xx_HAL_Driver/Src/stm32f4xx_hal.o
                0x00000000080065bc                HAL_Delay
 .text.__NVIC_SetPriorityGrouping
                0x0000000008006604       0x48 Drivers/STM32F4xx_HAL_Driver/Src/stm32f4xx_hal_cortex.o
 .text.__NVIC_GetPriorityGrouping
                0x000000000800664c       0x1c Drivers/STM32F4xx_HAL_Driver/Src/stm32f4xx_hal_cortex.o
 .text.__NVIC_EnableIRQ
                0x0000000008006668       0x3c Drivers/STM32F4xx_HAL_Driver/Src/stm32f4xx_hal_cortex.o
 .text.__NVIC_DisableIRQ
                0x00000000080066a4       0x48 Drivers/STM32F4xx_HAL_Driver/Src/stm32f4xx_hal_cortex.o
 .text.__NVIC_SetPriority
                0x00000000080066ec       0x54 Drivers/STM32F4xx_HAL_Driver/Src/stm32f4xx_hal_cortex.o
 .text.NVIC_EncodePriority
                0x0000000008006740       0x66 Drivers/STM32F4xx_HAL_Driver/Src/stm32f4xx_hal_cortex.o
 *fill*         0x00000000080067a6        0x2 
 .text.SysTick_Config
                0x00000000080067a8       0x44 Drivers/STM32F4xx_HAL_Driver/Src/stm32f4xx_hal_cortex.o
 .text.HAL_NVIC_SetPriorityGrouping
                0x00000000080067ec       0x16 Drivers/STM32F4xx_HAL_Driver/Src/stm32f4xx_hal_cortex.o
                0x00000000080067ec                HAL_NVIC_SetPriorityGrouping
 .text.HAL_NVIC_SetPriority
                0x0000000008006802       0x38 Drivers/STM32F4xx_HAL_Driver/Src/stm32f4xx_hal_cortex.o
                0x0000000008006802                HAL_NVIC_SetPriority
 .text.HAL_NVIC_EnableIRQ
                0x000000000800683a       0x1c Drivers/STM32F4xx_HAL_Driver/Src/stm32f4xx_hal_cortex.o
                0x000000000800683a                HAL_NVIC_EnableIRQ
 .text.HAL_NVIC_DisableIRQ
                0x0000000008006856       0x1c Drivers/STM32F4xx_HAL_Driver/Src/stm32f4xx_hal_cortex.o
                0x0000000008006856                HAL_NVIC_DisableIRQ
 .text.HAL_SYSTICK_Config
                0x0000000008006872       0x18 Drivers/STM32F4xx_HAL_Driver/Src/stm32f4xx_hal_cortex.o
                0x0000000008006872                HAL_SYSTICK_Config
 .text.HAL_DMA_Abort
                0x000000000800688a       0xe0 Drivers/STM32F4xx_HAL_Driver/Src/stm32f4xx_hal_dma.o
                0x000000000800688a                HAL_DMA_Abort
 .text.HAL_DMA_Abort_IT
                0x000000000800696a       0x44 Drivers/STM32F4xx_HAL_Driver/Src/stm32f4xx_hal_dma.o
                0x000000000800696a                HAL_DMA_Abort_IT
 *fill*         0x00000000080069ae        0x2 
 .text.HAL_GPIO_Init
                0x00000000080069b0      0x308 Drivers/STM32F4xx_HAL_Driver/Src/stm32f4xx_hal_gpio.o
                0x00000000080069b0                HAL_GPIO_Init
 .text.HAL_GPIO_WritePin
                0x0000000008006cb8       0x32 Drivers/STM32F4xx_HAL_Driver/Src/stm32f4xx_hal_gpio.o
                0x0000000008006cb8                HAL_GPIO_WritePin
 *fill*         0x0000000008006cea        0x2 
 .text.HAL_RCC_OscConfig
                0x0000000008006cec      0x4f0 Drivers/STM32F4xx_HAL_Driver/Src/stm32f4xx_hal_rcc.o
                0x0000000008006cec                HAL_RCC_OscConfig
 .text.HAL_RCC_ClockConfig
                0x00000000080071dc      0x1cc Drivers/STM32F4xx_HAL_Driver/Src/stm32f4xx_hal_rcc.o
                0x00000000080071dc                HAL_RCC_ClockConfig
 .text.HAL_RCC_GetSysClockFreq
                0x00000000080073a8      0x1c4 Drivers/STM32F4xx_HAL_Driver/Src/stm32f4xx_hal_rcc.o
                0x00000000080073a8                HAL_RCC_GetSysClockFreq
 .text.HAL_RCC_GetHCLKFreq
                0x000000000800756c       0x18 Drivers/STM32F4xx_HAL_Driver/Src/stm32f4xx_hal_rcc.o
                0x000000000800756c                HAL_RCC_GetHCLKFreq
 .text.HAL_RCC_GetPCLK1Freq
                0x0000000008007584       0x28 Drivers/STM32F4xx_HAL_Driver/Src/stm32f4xx_hal_rcc.o
                0x0000000008007584                HAL_RCC_GetPCLK1Freq
 .text.HAL_RCC_GetPCLK2Freq
                0x00000000080075ac       0x28 Drivers/STM32F4xx_HAL_Driver/Src/stm32f4xx_hal_rcc.o
                0x00000000080075ac                HAL_RCC_GetPCLK2Freq
 .text.HAL_SPI_Init
                0x00000000080075d4      0x112 Drivers/STM32F4xx_HAL_Driver/Src/stm32f4xx_hal_spi.o
                0x00000000080075d4                HAL_SPI_Init
 .text.HAL_SPI_Transmit
                0x00000000080076e6      0x278 Drivers/STM32F4xx_HAL_Driver/Src/stm32f4xx_hal_spi.o
                0x00000000080076e6                HAL_SPI_Transmit
 .text.HAL_SPI_Receive
                0x000000000800795e      0x222 Drivers/STM32F4xx_HAL_Driver/Src/stm32f4xx_hal_spi.o
                0x000000000800795e                HAL_SPI_Receive
 .text.HAL_SPI_TransmitReceive
                0x0000000008007b80      0x344 Drivers/STM32F4xx_HAL_Driver/Src/stm32f4xx_hal_spi.o
                0x0000000008007b80                HAL_SPI_TransmitReceive
 .text.HAL_SPI_Abort
                0x0000000008007ec4      0x1d8 Drivers/STM32F4xx_HAL_Driver/Src/stm32f4xx_hal_spi.o
                0x0000000008007ec4                HAL_SPI_Abort
 .text.HAL_SPI_IRQHandler
                0x000000000800809c      0x200 Drivers/STM32F4xx_HAL_Driver/Src/stm32f4xx_hal_spi.o
                0x000000000800809c                HAL_SPI_IRQHandler
 .text.HAL_SPI_ErrorCallback
                0x000000000800829c       0x14 Drivers/STM32F4xx_HAL_Driver/Src/stm32f4xx_hal_spi.o
                0x000000000800829c                HAL_SPI_ErrorCallback
 .text.SPI_DMAAbortOnError
                0x00000000080082b0       0x28 Drivers/STM32F4xx_HAL_Driver/Src/stm32f4xx_hal_spi.o
 .text.SPI_WaitFlagStateUntilTimeout
                0x00000000080082d8      0x110 Drivers/STM32F4xx_HAL_Driver/Src/stm32f4xx_hal_spi.o
 .text.SPI_EndRxTransaction
                0x00000000080083e8       0xca Drivers/STM32F4xx_HAL_Driver/Src/stm32f4xx_hal_spi.o
 *fill*         0x00000000080084b2        0x2 
 .text.SPI_EndRxTxTransaction
                0x00000000080084b4       0x84 Drivers/STM32F4xx_HAL_Driver/Src/stm32f4xx_hal_spi.o
 .text.SPI_AbortRx_ISR
                0x0000000008008538       0x90 Drivers/STM32F4xx_HAL_Driver/Src/stm32f4xx_hal_spi.o
 .text.SPI_AbortTx_ISR
                0x00000000080085c8       0x3c Drivers/STM32F4xx_HAL_Driver/Src/stm32f4xx_hal_spi.o
 .text.HAL_UART_Init
                0x0000000008008604       0x9a Drivers/STM32F4xx_HAL_Driver/Src/stm32f4xx_hal_uart.o
                0x0000000008008604                HAL_UART_Init
 .text.HAL_UART_Transmit
                0x000000000800869e      0x124 Drivers/STM32F4xx_HAL_Driver/Src/stm32f4xx_hal_uart.o
                0x000000000800869e                HAL_UART_Transmit
 .text.UART_WaitOnFlagUntilTimeout
                0x00000000080087c2       0xdc Drivers/STM32F4xx_HAL_Driver/Src/stm32f4xx_hal_uart.o
 *fill*         0x000000000800889e        0x2 
 .text.UART_SetConfig
                0x00000000080088a0      0x390 Drivers/STM32F4xx_HAL_Driver/Src/stm32f4xx_hal_uart.o
 .text.__errno  0x0000000008008c30        0xc c:/st/stm32cubeide_1.6.1/stm32cubeide/plugins/com.st.stm32cube.ide.mcu.externaltools.gnu-tools-for-stm32.9-2020-q2-update.win32_1.5.0.202011040924/tools/bin/../lib/gcc/arm-none-eabi/9.3.1/../../../../arm-none-eabi/lib/thumb/v7e-m+fp/hard\libc_nano.a(lib_a-errno.o)
                0x0000000008008c30                __errno
 .text.__libc_init_array
                0x0000000008008c3c       0x48 c:/st/stm32cubeide_1.6.1/stm32cubeide/plugins/com.st.stm32cube.ide.mcu.externaltools.gnu-tools-for-stm32.9-2020-q2-update.win32_1.5.0.202011040924/tools/bin/../lib/gcc/arm-none-eabi/9.3.1/../../../../arm-none-eabi/lib/thumb/v7e-m+fp/hard\libc_nano.a(lib_a-init.o)
                0x0000000008008c3c                __libc_init_array
 .text.memcpy   0x0000000008008c84       0x1c c:/st/stm32cubeide_1.6.1/stm32cubeide/plugins/com.st.stm32cube.ide.mcu.externaltools.gnu-tools-for-stm32.9-2020-q2-update.win32_1.5.0.202011040924/tools/bin/../lib/gcc/arm-none-eabi/9.3.1/../../../../arm-none-eabi/lib/thumb/v7e-m+fp/hard\libc_nano.a(lib_a-memcpy-stub.o)
                0x0000000008008c84                memcpy
 .text.memset   0x0000000008008ca0       0x10 c:/st/stm32cubeide_1.6.1/stm32cubeide/plugins/com.st.stm32cube.ide.mcu.externaltools.gnu-tools-for-stm32.9-2020-q2-update.win32_1.5.0.202011040924/tools/bin/../lib/gcc/arm-none-eabi/9.3.1/../../../../arm-none-eabi/lib/thumb/v7e-m+fp/hard\libc_nano.a(lib_a-memset.o)
                0x0000000008008ca0                memset
 .text.printf   0x0000000008008cb0       0x30 c:/st/stm32cubeide_1.6.1/stm32cubeide/plugins/com.st.stm32cube.ide.mcu.externaltools.gnu-tools-for-stm32.9-2020-q2-update.win32_1.5.0.202011040924/tools/bin/../lib/gcc/arm-none-eabi/9.3.1/../../../../arm-none-eabi/lib/thumb/v7e-m+fp/hard\libc_nano.a(lib_a-printf.o)
                0x0000000008008cb0                iprintf
                0x0000000008008cb0                printf
 .text.putchar  0x0000000008008ce0       0x2c c:/st/stm32cubeide_1.6.1/stm32cubeide/plugins/com.st.stm32cube.ide.mcu.externaltools.gnu-tools-for-stm32.9-2020-q2-update.win32_1.5.0.202011040924/tools/bin/../lib/gcc/arm-none-eabi/9.3.1/../../../../arm-none-eabi/lib/thumb/v7e-m+fp/hard\libc_nano.a(lib_a-putchar.o)
                0x0000000008008ce0                putchar
 .text._puts_r  0x0000000008008d0c       0xdc c:/st/stm32cubeide_1.6.1/stm32cubeide/plugins/com.st.stm32cube.ide.mcu.externaltools.gnu-tools-for-stm32.9-2020-q2-update.win32_1.5.0.202011040924/tools/bin/../lib/gcc/arm-none-eabi/9.3.1/../../../../arm-none-eabi/lib/thumb/v7e-m+fp/hard\libc_nano.a(lib_a-puts.o)
                0x0000000008008d0c                _puts_r
 .text.puts     0x0000000008008de8       0x10 c:/st/stm32cubeide_1.6.1/stm32cubeide/plugins/com.st.stm32cube.ide.mcu.externaltools.gnu-tools-for-stm32.9-2020-q2-update.win32_1.5.0.202011040924/tools/bin/../lib/gcc/arm-none-eabi/9.3.1/../../../../arm-none-eabi/lib/thumb/v7e-m+fp/hard\libc_nano.a(lib_a-puts.o)
                0x0000000008008de8                puts
 .text.__swbuf_r
                0x0000000008008df8       0xa4 c:/st/stm32cubeide_1.6.1/stm32cubeide/plugins/com.st.stm32cube.ide.mcu.externaltools.gnu-tools-for-stm32.9-2020-q2-update.win32_1.5.0.202011040924/tools/bin/../lib/gcc/arm-none-eabi/9.3.1/../../../../arm-none-eabi/lib/thumb/v7e-m+fp/hard\libc_nano.a(lib_a-wbuf.o)
                0x0000000008008df8                __swbuf_r
 .text.__swsetup_r
                0x0000000008008e9c       0xdc c:/st/stm32cubeide_1.6.1/stm32cubeide/plugins/com.st.stm32cube.ide.mcu.externaltools.gnu-tools-for-stm32.9-2020-q2-update.win32_1.5.0.202011040924/tools/bin/../lib/gcc/arm-none-eabi/9.3.1/../../../../arm-none-eabi/lib/thumb/v7e-m+fp/hard\libc_nano.a(lib_a-wsetup.o)
                0x0000000008008e9c                __swsetup_r
 .text.__sflush_r
                0x0000000008008f78      0x10c c:/st/stm32cubeide_1.6.1/stm32cubeide/plugins/com.st.stm32cube.ide.mcu.externaltools.gnu-tools-for-stm32.9-2020-q2-update.win32_1.5.0.202011040924/tools/bin/../lib/gcc/arm-none-eabi/9.3.1/../../../../arm-none-eabi/lib/thumb/v7e-m+fp/hard\libc_nano.a(lib_a-fflush.o)
                0x0000000008008f78                __sflush_r
 .text._fflush_r
                0x0000000008009084       0x78 c:/st/stm32cubeide_1.6.1/stm32cubeide/plugins/com.st.stm32cube.ide.mcu.externaltools.gnu-tools-for-stm32.9-2020-q2-update.win32_1.5.0.202011040924/tools/bin/../lib/gcc/arm-none-eabi/9.3.1/../../../../arm-none-eabi/lib/thumb/v7e-m+fp/hard\libc_nano.a(lib_a-fflush.o)
                0x0000000008009084                _fflush_r
 .text.std      0x00000000080090fc       0x48 c:/st/stm32cubeide_1.6.1/stm32cubeide/plugins/com.st.stm32cube.ide.mcu.externaltools.gnu-tools-for-stm32.9-2020-q2-update.win32_1.5.0.202011040924/tools/bin/../lib/gcc/arm-none-eabi/9.3.1/../../../../arm-none-eabi/lib/thumb/v7e-m+fp/hard\libc_nano.a(lib_a-findfp.o)
 .text._cleanup_r
                0x0000000008009144        0xc c:/st/stm32cubeide_1.6.1/stm32cubeide/plugins/com.st.stm32cube.ide.mcu.externaltools.gnu-tools-for-stm32.9-2020-q2-update.win32_1.5.0.202011040924/tools/bin/../lib/gcc/arm-none-eabi/9.3.1/../../../../arm-none-eabi/lib/thumb/v7e-m+fp/hard\libc_nano.a(lib_a-findfp.o)
                0x0000000008009144                _cleanup_r
 .text.__sfmoreglue
                0x0000000008009150       0x2c c:/st/stm32cubeide_1.6.1/stm32cubeide/plugins/com.st.stm32cube.ide.mcu.externaltools.gnu-tools-for-stm32.9-2020-q2-update.win32_1.5.0.202011040924/tools/bin/../lib/gcc/arm-none-eabi/9.3.1/../../../../arm-none-eabi/lib/thumb/v7e-m+fp/hard\libc_nano.a(lib_a-findfp.o)
                0x0000000008009150                __sfmoreglue
 .text.__sfp_lock_acquire
                0x000000000800917c        0xc c:/st/stm32cubeide_1.6.1/stm32cubeide/plugins/com.st.stm32cube.ide.mcu.externaltools.gnu-tools-for-stm32.9-2020-q2-update.win32_1.5.0.202011040924/tools/bin/../lib/gcc/arm-none-eabi/9.3.1/../../../../arm-none-eabi/lib/thumb/v7e-m+fp/hard\libc_nano.a(lib_a-findfp.o)
                0x000000000800917c                __sfp_lock_acquire
 .text.__sfp_lock_release
                0x0000000008009188        0xc c:/st/stm32cubeide_1.6.1/stm32cubeide/plugins/com.st.stm32cube.ide.mcu.externaltools.gnu-tools-for-stm32.9-2020-q2-update.win32_1.5.0.202011040924/tools/bin/../lib/gcc/arm-none-eabi/9.3.1/../../../../arm-none-eabi/lib/thumb/v7e-m+fp/hard\libc_nano.a(lib_a-findfp.o)
                0x0000000008009188                __sfp_lock_release
 .text.__sinit_lock_acquire
                0x0000000008009194        0xc c:/st/stm32cubeide_1.6.1/stm32cubeide/plugins/com.st.stm32cube.ide.mcu.externaltools.gnu-tools-for-stm32.9-2020-q2-update.win32_1.5.0.202011040924/tools/bin/../lib/gcc/arm-none-eabi/9.3.1/../../../../arm-none-eabi/lib/thumb/v7e-m+fp/hard\libc_nano.a(lib_a-findfp.o)
                0x0000000008009194                __sinit_lock_acquire
 .text.__sinit_lock_release
                0x00000000080091a0        0xc c:/st/stm32cubeide_1.6.1/stm32cubeide/plugins/com.st.stm32cube.ide.mcu.externaltools.gnu-tools-for-stm32.9-2020-q2-update.win32_1.5.0.202011040924/tools/bin/../lib/gcc/arm-none-eabi/9.3.1/../../../../arm-none-eabi/lib/thumb/v7e-m+fp/hard\libc_nano.a(lib_a-findfp.o)
                0x00000000080091a0                __sinit_lock_release
 .text.__sinit  0x00000000080091ac       0x70 c:/st/stm32cubeide_1.6.1/stm32cubeide/plugins/com.st.stm32cube.ide.mcu.externaltools.gnu-tools-for-stm32.9-2020-q2-update.win32_1.5.0.202011040924/tools/bin/../lib/gcc/arm-none-eabi/9.3.1/../../../../arm-none-eabi/lib/thumb/v7e-m+fp/hard\libc_nano.a(lib_a-findfp.o)
                0x00000000080091ac                __sinit
 .text.__sfp    0x000000000800921c       0x8c c:/st/stm32cubeide_1.6.1/stm32cubeide/plugins/com.st.stm32cube.ide.mcu.externaltools.gnu-tools-for-stm32.9-2020-q2-update.win32_1.5.0.202011040924/tools/bin/../lib/gcc/arm-none-eabi/9.3.1/../../../../arm-none-eabi/lib/thumb/v7e-m+fp/hard\libc_nano.a(lib_a-findfp.o)
                0x000000000800921c                __sfp
 .text._fwalk_reent
                0x00000000080092a8       0x3e c:/st/stm32cubeide_1.6.1/stm32cubeide/plugins/com.st.stm32cube.ide.mcu.externaltools.gnu-tools-for-stm32.9-2020-q2-update.win32_1.5.0.202011040924/tools/bin/../lib/gcc/arm-none-eabi/9.3.1/../../../../arm-none-eabi/lib/thumb/v7e-m+fp/hard\libc_nano.a(lib_a-fwalk.o)
                0x00000000080092a8                _fwalk_reent
 .text.__retarget_lock_init_recursive
                0x00000000080092e6        0x2 c:/st/stm32cubeide_1.6.1/stm32cubeide/plugins/com.st.stm32cube.ide.mcu.externaltools.gnu-tools-for-stm32.9-2020-q2-update.win32_1.5.0.202011040924/tools/bin/../lib/gcc/arm-none-eabi/9.3.1/../../../../arm-none-eabi/lib/thumb/v7e-m+fp/hard\libc_nano.a(lib_a-lock.o)
                0x00000000080092e6                __retarget_lock_init_recursive
 .text.__retarget_lock_acquire_recursive
                0x00000000080092e8        0x2 c:/st/stm32cubeide_1.6.1/stm32cubeide/plugins/com.st.stm32cube.ide.mcu.externaltools.gnu-tools-for-stm32.9-2020-q2-update.win32_1.5.0.202011040924/tools/bin/../lib/gcc/arm-none-eabi/9.3.1/../../../../arm-none-eabi/lib/thumb/v7e-m+fp/hard\libc_nano.a(lib_a-lock.o)
                0x00000000080092e8                __retarget_lock_acquire_recursive
 .text.__retarget_lock_release_recursive
                0x00000000080092ea        0x2 c:/st/stm32cubeide_1.6.1/stm32cubeide/plugins/com.st.stm32cube.ide.mcu.externaltools.gnu-tools-for-stm32.9-2020-q2-update.win32_1.5.0.202011040924/tools/bin/../lib/gcc/arm-none-eabi/9.3.1/../../../../arm-none-eabi/lib/thumb/v7e-m+fp/hard\libc_nano.a(lib_a-lock.o)
                0x00000000080092ea                __retarget_lock_release_recursive
 .text.__swhatbuf_r
                0x00000000080092ec       0x48 c:/st/stm32cubeide_1.6.1/stm32cubeide/plugins/com.st.stm32cube.ide.mcu.externaltools.gnu-tools-for-stm32.9-2020-q2-update.win32_1.5.0.202011040924/tools/bin/../lib/gcc/arm-none-eabi/9.3.1/../../../../arm-none-eabi/lib/thumb/v7e-m+fp/hard\libc_nano.a(lib_a-makebuf.o)
                0x00000000080092ec                __swhatbuf_r
 .text.__smakebuf_r
                0x0000000008009334       0x80 c:/st/stm32cubeide_1.6.1/stm32cubeide/plugins/com.st.stm32cube.ide.mcu.externaltools.gnu-tools-for-stm32.9-2020-q2-update.win32_1.5.0.202011040924/tools/bin/../lib/gcc/arm-none-eabi/9.3.1/../../../../arm-none-eabi/lib/thumb/v7e-m+fp/hard\libc_nano.a(lib_a-makebuf.o)
                0x0000000008009334                __smakebuf_r
 .text._free_r  0x00000000080093b4       0xa0 c:/st/stm32cubeide_1.6.1/stm32cubeide/plugins/com.st.stm32cube.ide.mcu.externaltools.gnu-tools-for-stm32.9-2020-q2-update.win32_1.5.0.202011040924/tools/bin/../lib/gcc/arm-none-eabi/9.3.1/../../../../arm-none-eabi/lib/thumb/v7e-m+fp/hard\libc_nano.a(lib_a-nano-freer.o)
                0x00000000080093b4                _free_r
 .text._malloc_r
                0x0000000008009454       0xb4 c:/st/stm32cubeide_1.6.1/stm32cubeide/plugins/com.st.stm32cube.ide.mcu.externaltools.gnu-tools-for-stm32.9-2020-q2-update.win32_1.5.0.202011040924/tools/bin/../lib/gcc/arm-none-eabi/9.3.1/../../../../arm-none-eabi/lib/thumb/v7e-m+fp/hard\libc_nano.a(lib_a-nano-mallocr.o)
                0x0000000008009454                _malloc_r
 .text.__sfputc_r
                0x0000000008009508       0x2e c:/st/stm32cubeide_1.6.1/stm32cubeide/plugins/com.st.stm32cube.ide.mcu.externaltools.gnu-tools-for-stm32.9-2020-q2-update.win32_1.5.0.202011040924/tools/bin/../lib/gcc/arm-none-eabi/9.3.1/../../../../arm-none-eabi/lib/thumb/v7e-m+fp/hard\libc_nano.a(lib_a-nano-vfprintf.o)
 .text.__sfputs_r
                0x0000000008009536       0x24 c:/st/stm32cubeide_1.6.1/stm32cubeide/plugins/com.st.stm32cube.ide.mcu.externaltools.gnu-tools-for-stm32.9-2020-q2-update.win32_1.5.0.202011040924/tools/bin/../lib/gcc/arm-none-eabi/9.3.1/../../../../arm-none-eabi/lib/thumb/v7e-m+fp/hard\libc_nano.a(lib_a-nano-vfprintf.o)
                0x0000000008009536                __sfputs_r
 *fill*         0x000000000800955a        0x2 
 .text._vfprintf_r
                0x000000000800955c      0x260 c:/st/stm32cubeide_1.6.1/stm32cubeide/plugins/com.st.stm32cube.ide.mcu.externaltools.gnu-tools-for-stm32.9-2020-q2-update.win32_1.5.0.202011040924/tools/bin/../lib/gcc/arm-none-eabi/9.3.1/../../../../arm-none-eabi/lib/thumb/v7e-m+fp/hard\libc_nano.a(lib_a-nano-vfprintf.o)
                0x000000000800955c                _vfprintf_r
                0x000000000800955c                _vfiprintf_r
 .text._printf_common
                0x00000000080097bc       0xda c:/st/stm32cubeide_1.6.1/stm32cubeide/plugins/com.st.stm32cube.ide.mcu.externaltools.gnu-tools-for-stm32.9-2020-q2-update.win32_1.5.0.202011040924/tools/bin/../lib/gcc/arm-none-eabi/9.3.1/../../../../arm-none-eabi/lib/thumb/v7e-m+fp/hard\libc_nano.a(lib_a-nano-vfprintf_i.o)
                0x00000000080097bc                _printf_common
 *fill*         0x0000000008009896        0x2 
 .text._printf_i
                0x0000000008009898      0x24c c:/st/stm32cubeide_1.6.1/stm32cubeide/plugins/com.st.stm32cube.ide.mcu.externaltools.gnu-tools-for-stm32.9-2020-q2-update.win32_1.5.0.202011040924/tools/bin/../lib/gcc/arm-none-eabi/9.3.1/../../../../arm-none-eabi/lib/thumb/v7e-m+fp/hard\libc_nano.a(lib_a-nano-vfprintf_i.o)
                0x0000000008009898                _printf_i
 .text._putc_r  0x0000000008009ae4       0x90 c:/st/stm32cubeide_1.6.1/stm32cubeide/plugins/com.st.stm32cube.ide.mcu.externaltools.gnu-tools-for-stm32.9-2020-q2-update.win32_1.5.0.202011040924/tools/bin/../lib/gcc/arm-none-eabi/9.3.1/../../../../arm-none-eabi/lib/thumb/v7e-m+fp/hard\libc_nano.a(lib_a-putc.o)
                0x0000000008009ae4                _putc_r
 .text._sbrk_r  0x0000000008009b74       0x20 c:/st/stm32cubeide_1.6.1/stm32cubeide/plugins/com.st.stm32cube.ide.mcu.externaltools.gnu-tools-for-stm32.9-2020-q2-update.win32_1.5.0.202011040924/tools/bin/../lib/gcc/arm-none-eabi/9.3.1/../../../../arm-none-eabi/lib/thumb/v7e-m+fp/hard\libc_nano.a(lib_a-sbrkr.o)
                0x0000000008009b74                _sbrk_r
 .text.__sread  0x0000000008009b94       0x22 c:/st/stm32cubeide_1.6.1/stm32cubeide/plugins/com.st.stm32cube.ide.mcu.externaltools.gnu-tools-for-stm32.9-2020-q2-update.win32_1.5.0.202011040924/tools/bin/../lib/gcc/arm-none-eabi/9.3.1/../../../../arm-none-eabi/lib/thumb/v7e-m+fp/hard\libc_nano.a(lib_a-stdio.o)
                0x0000000008009b94                __sread
 .text.__swrite
                0x0000000008009bb6       0x38 c:/st/stm32cubeide_1.6.1/stm32cubeide/plugins/com.st.stm32cube.ide.mcu.externaltools.gnu-tools-for-stm32.9-2020-q2-update.win32_1.5.0.202011040924/tools/bin/../lib/gcc/arm-none-eabi/9.3.1/../../../../arm-none-eabi/lib/thumb/v7e-m+fp/hard\libc_nano.a(lib_a-stdio.o)
                0x0000000008009bb6                __swrite
 .text.__sseek  0x0000000008009bee       0x24 c:/st/stm32cubeide_1.6.1/stm32cubeide/plugins/com.st.stm32cube.ide.mcu.externaltools.gnu-tools-for-stm32.9-2020-q2-update.win32_1.5.0.202011040924/tools/bin/../lib/gcc/arm-none-eabi/9.3.1/../../../../arm-none-eabi/lib/thumb/v7e-m+fp/hard\libc_nano.a(lib_a-stdio.o)
                0x0000000008009bee                __sseek
 .text.__sclose
                0x0000000008009c12        0x8 c:/st/stm32cubeide_1.6.1/stm32cubeide/plugins/com.st.stm32cube.ide.mcu.externaltools.gnu-tools-for-stm32.9-2020-q2-update.win32_1.5.0.202011040924/tools/bin/../lib/gcc/arm-none-eabi/9.3.1/../../../../arm-none-eabi/lib/thumb/v7e-m+fp/hard\libc_nano.a(lib_a-stdio.o)
                0x0000000008009c12                __sclose
 *fill*         0x0000000008009c1a        0x2 
 .text._write_r
                0x0000000008009c1c       0x24 c:/st/stm32cubeide_1.6.1/stm32cubeide/plugins/com.st.stm32cube.ide.mcu.externaltools.gnu-tools-for-stm32.9-2020-q2-update.win32_1.5.0.202011040924/tools/bin/../lib/gcc/arm-none-eabi/9.3.1/../../../../arm-none-eabi/lib/thumb/v7e-m+fp/hard\libc_nano.a(lib_a-writer.o)
                0x0000000008009c1c                _write_r
 .text._close_r
                0x0000000008009c40       0x20 c:/st/stm32cubeide_1.6.1/stm32cubeide/plugins/com.st.stm32cube.ide.mcu.externaltools.gnu-tools-for-stm32.9-2020-q2-update.win32_1.5.0.202011040924/tools/bin/../lib/gcc/arm-none-eabi/9.3.1/../../../../arm-none-eabi/lib/thumb/v7e-m+fp/hard\libc_nano.a(lib_a-closer.o)
                0x0000000008009c40                _close_r
 .text._fstat_r
                0x0000000008009c60       0x24 c:/st/stm32cubeide_1.6.1/stm32cubeide/plugins/com.st.stm32cube.ide.mcu.externaltools.gnu-tools-for-stm32.9-2020-q2-update.win32_1.5.0.202011040924/tools/bin/../lib/gcc/arm-none-eabi/9.3.1/../../../../arm-none-eabi/lib/thumb/v7e-m+fp/hard\libc_nano.a(lib_a-fstatr.o)
                0x0000000008009c60                _fstat_r
 .text._isatty_r
                0x0000000008009c84       0x20 c:/st/stm32cubeide_1.6.1/stm32cubeide/plugins/com.st.stm32cube.ide.mcu.externaltools.gnu-tools-for-stm32.9-2020-q2-update.win32_1.5.0.202011040924/tools/bin/../lib/gcc/arm-none-eabi/9.3.1/../../../../arm-none-eabi/lib/thumb/v7e-m+fp/hard\libc_nano.a(lib_a-isattyr.o)
                0x0000000008009c84                _isatty_r
 .text._lseek_r
                0x0000000008009ca4       0x24 c:/st/stm32cubeide_1.6.1/stm32cubeide/plugins/com.st.stm32cube.ide.mcu.externaltools.gnu-tools-for-stm32.9-2020-q2-update.win32_1.5.0.202011040924/tools/bin/../lib/gcc/arm-none-eabi/9.3.1/../../../../arm-none-eabi/lib/thumb/v7e-m+fp/hard\libc_nano.a(lib_a-lseekr.o)
                0x0000000008009ca4                _lseek_r
 .text.__malloc_lock
                0x0000000008009cc8        0xc c:/st/stm32cubeide_1.6.1/stm32cubeide/plugins/com.st.stm32cube.ide.mcu.externaltools.gnu-tools-for-stm32.9-2020-q2-update.win32_1.5.0.202011040924/tools/bin/../lib/gcc/arm-none-eabi/9.3.1/../../../../arm-none-eabi/lib/thumb/v7e-m+fp/hard\libc_nano.a(lib_a-mlock.o)
                0x0000000008009cc8                __malloc_lock
 .text.__malloc_unlock
                0x0000000008009cd4        0xc c:/st/stm32cubeide_1.6.1/stm32cubeide/plugins/com.st.stm32cube.ide.mcu.externaltools.gnu-tools-for-stm32.9-2020-q2-update.win32_1.5.0.202011040924/tools/bin/../lib/gcc/arm-none-eabi/9.3.1/../../../../arm-none-eabi/lib/thumb/v7e-m+fp/hard\libc_nano.a(lib_a-mlock.o)
                0x0000000008009cd4                __malloc_unlock
 .text._read_r  0x0000000008009ce0       0x24 c:/st/stm32cubeide_1.6.1/stm32cubeide/plugins/com.st.stm32cube.ide.mcu.externaltools.gnu-tools-for-stm32.9-2020-q2-update.win32_1.5.0.202011040924/tools/bin/../lib/gcc/arm-none-eabi/9.3.1/../../../../arm-none-eabi/lib/thumb/v7e-m+fp/hard\libc_nano.a(lib_a-readr.o)
                0x0000000008009ce0                _read_r
 *(.glue_7)
 .glue_7        0x0000000008009d04        0x0 linker stubs
 *(.glue_7t)
 .glue_7t       0x0000000008009d04        0x0 linker stubs
 *(.eh_frame)
 .eh_frame      0x0000000008009d04        0x0 c:/st/stm32cubeide_1.6.1/stm32cubeide/plugins/com.st.stm32cube.ide.mcu.externaltools.gnu-tools-for-stm32.9-2020-q2-update.win32_1.5.0.202011040924/tools/bin/../lib/gcc/arm-none-eabi/9.3.1/thumb/v7e-m+fp/hard/crtbegin.o
 *(.init)
 .init          0x0000000008009d04        0x4 c:/st/stm32cubeide_1.6.1/stm32cubeide/plugins/com.st.stm32cube.ide.mcu.externaltools.gnu-tools-for-stm32.9-2020-q2-update.win32_1.5.0.202011040924/tools/bin/../lib/gcc/arm-none-eabi/9.3.1/thumb/v7e-m+fp/hard/crti.o
                0x0000000008009d04                _init
 .init          0x0000000008009d08        0x8 c:/st/stm32cubeide_1.6.1/stm32cubeide/plugins/com.st.stm32cube.ide.mcu.externaltools.gnu-tools-for-stm32.9-2020-q2-update.win32_1.5.0.202011040924/tools/bin/../lib/gcc/arm-none-eabi/9.3.1/thumb/v7e-m+fp/hard/crtn.o
 *(.fini)
 .fini          0x0000000008009d10        0x4 c:/st/stm32cubeide_1.6.1/stm32cubeide/plugins/com.st.stm32cube.ide.mcu.externaltools.gnu-tools-for-stm32.9-2020-q2-update.win32_1.5.0.202011040924/tools/bin/../lib/gcc/arm-none-eabi/9.3.1/thumb/v7e-m+fp/hard/crti.o
                0x0000000008009d10                _fini
 .fini          0x0000000008009d14        0x8 c:/st/stm32cubeide_1.6.1/stm32cubeide/plugins/com.st.stm32cube.ide.mcu.externaltools.gnu-tools-for-stm32.9-2020-q2-update.win32_1.5.0.202011040924/tools/bin/../lib/gcc/arm-none-eabi/9.3.1/thumb/v7e-m+fp/hard/crtn.o
                0x0000000008009d1c                . = ALIGN (0x4)
                0x0000000008009d1c                _etext = .

.vfp11_veneer   0x0000000008009d1c        0x0
 .vfp11_veneer  0x0000000008009d1c        0x0 linker stubs

.v4_bx          0x0000000008009d1c        0x0
 .v4_bx         0x0000000008009d1c        0x0 linker stubs

.iplt           0x0000000008009d1c        0x0
 .iplt          0x0000000008009d1c        0x0 c:/st/stm32cubeide_1.6.1/stm32cubeide/plugins/com.st.stm32cube.ide.mcu.externaltools.gnu-tools-for-stm32.9-2020-q2-update.win32_1.5.0.202011040924/tools/bin/../lib/gcc/arm-none-eabi/9.3.1/thumb/v7e-m+fp/hard/crtbegin.o

.rodata         0x0000000008009d1c     0x86b0
                0x0000000008009d1c                . = ALIGN (0x4)
 *(.rodata)
 .rodata        0x0000000008009d1c     0x15ec Core/Src/DpAppl.o
 .rodata        0x000000000800b308      0x292 Core/Src/DpCfg.o
 *fill*         0x000000000800b59a        0x2 
 .rodata        0x000000000800b59c      0xb66 Core/Src/DpDiag.o
 *fill*         0x000000000800c102        0x2 
 .rodata        0x000000000800c104     0x3390 Core/Src/dp_if.o
 .rodata        0x000000000800f494     0x1539 Core/Src/dp_isr.o
 *fill*         0x00000000080109cd        0x3 
 .rodata        0x00000000080109d0      0x89b Core/Src/main.o
 *fill*         0x000000000801126b        0x1 
 .rodata        0x000000000801126c     0x109e Core/Src/vpc3_spi.o
 *(.rodata*)
 *fill*         0x000000000801230a        0x2 
 .rodata.DpApplDefCfg
                0x000000000801230c        0x2 Core/Src/DpCfg.o
                0x000000000801230c                DpApplDefCfg
 *fill*         0x000000000801230e        0x2 
 .rodata.AHBPrescTable
                0x0000000008012310       0x10 Core/Src/system_stm32f4xx.o
                0x0000000008012310                AHBPrescTable
 .rodata.APBPrescTable
                0x0000000008012320        0x8 Core/Src/system_stm32f4xx.o
                0x0000000008012320                APBPrescTable
 .rodata.__FUNCTION__.9880
                0x0000000008012328        0xa Core/Src/vpc3_spi.o
 *fill*         0x0000000008012332        0x2 
 .rodata._global_impure_ptr
                0x0000000008012334        0x4 c:/st/stm32cubeide_1.6.1/stm32cubeide/plugins/com.st.stm32cube.ide.mcu.externaltools.gnu-tools-for-stm32.9-2020-q2-update.win32_1.5.0.202011040924/tools/bin/../lib/gcc/arm-none-eabi/9.3.1/../../../../arm-none-eabi/lib/thumb/v7e-m+fp/hard\libc_nano.a(lib_a-impure.o)
                0x0000000008012334                _global_impure_ptr
 .rodata.__sf_fake_stderr
                0x0000000008012338       0x20 c:/st/stm32cubeide_1.6.1/stm32cubeide/plugins/com.st.stm32cube.ide.mcu.externaltools.gnu-tools-for-stm32.9-2020-q2-update.win32_1.5.0.202011040924/tools/bin/../lib/gcc/arm-none-eabi/9.3.1/../../../../arm-none-eabi/lib/thumb/v7e-m+fp/hard\libc_nano.a(lib_a-findfp.o)
                0x0000000008012338                __sf_fake_stderr
 .rodata.__sf_fake_stdin
                0x0000000008012358       0x20 c:/st/stm32cubeide_1.6.1/stm32cubeide/plugins/com.st.stm32cube.ide.mcu.externaltools.gnu-tools-for-stm32.9-2020-q2-update.win32_1.5.0.202011040924/tools/bin/../lib/gcc/arm-none-eabi/9.3.1/../../../../arm-none-eabi/lib/thumb/v7e-m+fp/hard\libc_nano.a(lib_a-findfp.o)
                0x0000000008012358                __sf_fake_stdin
 .rodata.__sf_fake_stdout
                0x0000000008012378       0x20 c:/st/stm32cubeide_1.6.1/stm32cubeide/plugins/com.st.stm32cube.ide.mcu.externaltools.gnu-tools-for-stm32.9-2020-q2-update.win32_1.5.0.202011040924/tools/bin/../lib/gcc/arm-none-eabi/9.3.1/../../../../arm-none-eabi/lib/thumb/v7e-m+fp/hard\libc_nano.a(lib_a-findfp.o)
                0x0000000008012378                __sf_fake_stdout
 .rodata._vfprintf_r.str1.1
                0x0000000008012398       0x11 c:/st/stm32cubeide_1.6.1/stm32cubeide/plugins/com.st.stm32cube.ide.mcu.externaltools.gnu-tools-for-stm32.9-2020-q2-update.win32_1.5.0.202011040924/tools/bin/../lib/gcc/arm-none-eabi/9.3.1/../../../../arm-none-eabi/lib/thumb/v7e-m+fp/hard\libc_nano.a(lib_a-nano-vfprintf.o)
 .rodata._printf_i.str1.1
                0x00000000080123a9       0x22 c:/st/stm32cubeide_1.6.1/stm32cubeide/plugins/com.st.stm32cube.ide.mcu.externaltools.gnu-tools-for-stm32.9-2020-q2-update.win32_1.5.0.202011040924/tools/bin/../lib/gcc/arm-none-eabi/9.3.1/../../../../arm-none-eabi/lib/thumb/v7e-m+fp/hard\libc_nano.a(lib_a-nano-vfprintf_i.o)
                0x00000000080123cc                . = ALIGN (0x4)
 *fill*         0x00000000080123cb        0x1 

.ARM.extab      0x00000000080123cc        0x0
                0x00000000080123cc                . = ALIGN (0x4)
 *(.ARM.extab* .gnu.linkonce.armextab.*)
                0x00000000080123cc                . = ALIGN (0x4)

.ARM            0x00000000080123cc        0x8
                0x00000000080123cc                . = ALIGN (0x4)
                0x00000000080123cc                __exidx_start = .
 *(.ARM.exidx*)
 .ARM.exidx     0x00000000080123cc        0x8 c:/st/stm32cubeide_1.6.1/stm32cubeide/plugins/com.st.stm32cube.ide.mcu.externaltools.gnu-tools-for-stm32.9-2020-q2-update.win32_1.5.0.202011040924/tools/bin/../lib/gcc/arm-none-eabi/9.3.1/thumb/v7e-m+fp/hard\libgcc.a(_udivmoddi4.o)
                0x00000000080123d4                __exidx_end = .
                0x00000000080123d4                . = ALIGN (0x4)

.rel.dyn        0x00000000080123d4        0x0
 .rel.iplt      0x00000000080123d4        0x0 c:/st/stm32cubeide_1.6.1/stm32cubeide/plugins/com.st.stm32cube.ide.mcu.externaltools.gnu-tools-for-stm32.9-2020-q2-update.win32_1.5.0.202011040924/tools/bin/../lib/gcc/arm-none-eabi/9.3.1/thumb/v7e-m+fp/hard/crtbegin.o

.preinit_array  0x00000000080123d4        0x0
                0x00000000080123d4                . = ALIGN (0x4)
                0x00000000080123d4                PROVIDE (__preinit_array_start = .)
 *(.preinit_array*)
                0x00000000080123d4                PROVIDE (__preinit_array_end = .)
                0x00000000080123d4                . = ALIGN (0x4)

.init_array     0x00000000080123d4        0x4
                0x00000000080123d4                . = ALIGN (0x4)
                0x00000000080123d4                PROVIDE (__init_array_start = .)
 *(SORT_BY_NAME(.init_array.*))
 *(.init_array*)
 .init_array    0x00000000080123d4        0x4 c:/st/stm32cubeide_1.6.1/stm32cubeide/plugins/com.st.stm32cube.ide.mcu.externaltools.gnu-tools-for-stm32.9-2020-q2-update.win32_1.5.0.202011040924/tools/bin/../lib/gcc/arm-none-eabi/9.3.1/thumb/v7e-m+fp/hard/crtbegin.o
                0x00000000080123d8                PROVIDE (__init_array_end = .)
                0x00000000080123d8                . = ALIGN (0x4)

.fini_array     0x00000000080123d8        0x4
                0x00000000080123d8                . = ALIGN (0x4)
                [!provide]                        PROVIDE (__fini_array_start = .)
 *(SORT_BY_NAME(.fini_array.*))
 *(.fini_array*)
 .fini_array    0x00000000080123d8        0x4 c:/st/stm32cubeide_1.6.1/stm32cubeide/plugins/com.st.stm32cube.ide.mcu.externaltools.gnu-tools-for-stm32.9-2020-q2-update.win32_1.5.0.202011040924/tools/bin/../lib/gcc/arm-none-eabi/9.3.1/thumb/v7e-m+fp/hard/crtbegin.o
                [!provide]                        PROVIDE (__fini_array_end = .)
                0x00000000080123dc                . = ALIGN (0x4)
                0x00000000080123dc                _sidata = LOADADDR (.data)

.data           0x0000000020000000       0x84 load address 0x00000000080123dc
                0x0000000020000000                . = ALIGN (0x4)
                0x0000000020000000                _sdata = .
 *(.data)
 *(.data*)
 .data.pDpSystem
                0x0000000020000000        0x4 Core/Src/DpAppl.o
                0x0000000020000000                pDpSystem
 .data.lastStatusLow.9901
                0x0000000020000004        0x1 Core/Src/DpAppl.o
 .data.lastStatusHigh.9902
                0x0000000020000005        0x1 Core/Src/DpAppl.o
 .data.last_dp_state.9920
                0x0000000020000006        0x1 Core/Src/DpAppl.o
 .data.main_last_status_l.9930
                0x0000000020000007        0x1 Core/Src/DpAppl.o
 .data.main_last_status_h.9931
                0x0000000020000008        0x1 Core/Src/DpAppl.o
 .data.last_mode_reg2.9936
                0x0000000020000009        0x1 Core/Src/DpAppl.o
 .data.last_known_value.10017
                0x000000002000000a        0x1 Core/Src/dp_if.o
 .data.last_status_l.9827
                0x000000002000000b        0x1 Core/Src/dp_isr.o
 .data.last_status_h.9828
                0x000000002000000c        0x1 Core/Src/dp_isr.o
 *fill*         0x000000002000000d        0x3 
 .data.SystemCoreClock
                0x0000000020000010        0x4 Core/Src/system_stm32f4xx.o
                0x0000000020000010                SystemCoreClock
 .data.g_vpc3_mode_reg2_shadow
                0x0000000020000014        0x1 Core/Src/vpc3_spi.o
 *fill*         0x0000000020000015        0x3 
 .data.uwTickPrio
                0x0000000020000018        0x4 Drivers/STM32F4xx_HAL_Driver/Src/stm32f4xx_hal.o
                0x0000000020000018                uwTickPrio
 .data.uwTickFreq
                0x000000002000001c        0x1 Drivers/STM32F4xx_HAL_Driver/Src/stm32f4xx_hal.o
                0x000000002000001c                uwTickFreq
 *fill*         0x000000002000001d        0x3 
 .data._impure_ptr
                0x0000000020000020        0x4 c:/st/stm32cubeide_1.6.1/stm32cubeide/plugins/com.st.stm32cube.ide.mcu.externaltools.gnu-tools-for-stm32.9-2020-q2-update.win32_1.5.0.202011040924/tools/bin/../lib/gcc/arm-none-eabi/9.3.1/../../../../arm-none-eabi/lib/thumb/v7e-m+fp/hard\libc_nano.a(lib_a-impure.o)
                0x0000000020000020                _impure_ptr
 .data.impure_data
                0x0000000020000024       0x60 c:/st/stm32cubeide_1.6.1/stm32cubeide/plugins/com.st.stm32cube.ide.mcu.externaltools.gnu-tools-for-stm32.9-2020-q2-update.win32_1.5.0.202011040924/tools/bin/../lib/gcc/arm-none-eabi/9.3.1/../../../../arm-none-eabi/lib/thumb/v7e-m+fp/hard\libc_nano.a(lib_a-impure.o)
 *(.RamFunc)
 *(.RamFunc*)
                0x0000000020000084                . = ALIGN (0x4)
                0x0000000020000084                _edata = .

.igot.plt       0x0000000020000084        0x0 load address 0x0000000008012460
 .igot.plt      0x0000000020000084        0x0 c:/st/stm32cubeide_1.6.1/stm32cubeide/plugins/com.st.stm32cube.ide.mcu.externaltools.gnu-tools-for-stm32.9-2020-q2-update.win32_1.5.0.202011040924/tools/bin/../lib/gcc/arm-none-eabi/9.3.1/thumb/v7e-m+fp/hard/crtbegin.o
                0x0000000020000084                . = ALIGN (0x4)

.bss            0x0000000020000084      0x508 load address 0x0000000008012460
                0x0000000020000084                _sbss = .
                0x0000000020000084                __bss_start__ = _sbss
 *(.bss)
 .bss           0x0000000020000084       0x1c c:/st/stm32cubeide_1.6.1/stm32cubeide/plugins/com.st.stm32cube.ide.mcu.externaltools.gnu-tools-for-stm32.9-2020-q2-update.win32_1.5.0.202011040924/tools/bin/../lib/gcc/arm-none-eabi/9.3.1/thumb/v7e-m+fp/hard/crtbegin.o
 *(.bss*)
 .bss.wCounterValue
                0x00000000200000a0        0x2 Core/Src/DpAppl.o
 .bss.bCounterTimeBase
                0x00000000200000a2        0x1 Core/Src/DpAppl.o
 .bss.bCounterUpperLimit
                0x00000000200000a3        0x1 Core/Src/DpAppl.o
 .bss.bCounterLowerLimit
                0x00000000200000a4        0x1 Core/Src/DpAppl.o
 *fill*         0x00000000200000a5        0x3 
 .bss.offline_count.9903
                0x00000000200000a8        0x4 Core/Src/DpAppl.o
 .bss.data_exchange_count.9927
                0x00000000200000ac        0x4 Core/Src/DpAppl.o
 .bss.last_debug.9900
                0x00000000200000b0        0x4 Core/Src/DpAppl.o
 .bss.memory_mode_diagnosed.9934
                0x00000000200000b4        0x1 Core/Src/DpAppl.o
 *fill*         0x00000000200000b5        0x3 
 .bss.last_validation.9937
                0x00000000200000b8        0x4 Core/Src/DpAppl.o
 .bss.last_mode_monitor.9939
                0x00000000200000bc        0x4 Core/Src/DpAppl.o
 .bss.last_mode_check.9941
                0x00000000200000c0        0x4 Core/Src/DpAppl.o
 .bss.counter.9994
                0x00000000200000c4        0x2 Core/Src/DpAppl.o
 .bss.g_chk_cfg_flag
                0x00000000200000c6        0x1 Core/Src/DpCfg.o
                0x00000000200000c6                g_chk_cfg_flag
 *fill*         0x00000000200000c7        0x1 
 .bss.dp_isr_call_count.9825
                0x00000000200000c8        0x4 Core/Src/dp_isr.o
 .bss.app_state.9885
                0x00000000200000cc        0x1 Core/Src/main.o
 *fill*         0x00000000200000cd        0x3 
 .bss.__sbrk_heap_end
                0x00000000200000d0        0x4 Core/Src/sysmem.o
 .bss.__malloc_free_list
                0x00000000200000d4        0x4 c:/st/stm32cubeide_1.6.1/stm32cubeide/plugins/com.st.stm32cube.ide.mcu.externaltools.gnu-tools-for-stm32.9-2020-q2-update.win32_1.5.0.202011040924/tools/bin/../lib/gcc/arm-none-eabi/9.3.1/../../../../arm-none-eabi/lib/thumb/v7e-m+fp/hard\libc_nano.a(lib_a-nano-mallocr.o)
                0x00000000200000d4                __malloc_free_list
 .bss.__malloc_sbrk_start
                0x00000000200000d8        0x4 c:/st/stm32cubeide_1.6.1/stm32cubeide/plugins/com.st.stm32cube.ide.mcu.externaltools.gnu-tools-for-stm32.9-2020-q2-update.win32_1.5.0.202011040924/tools/bin/../lib/gcc/arm-none-eabi/9.3.1/../../../../arm-none-eabi/lib/thumb/v7e-m+fp/hard\libc_nano.a(lib_a-nano-mallocr.o)
                0x00000000200000d8                __malloc_sbrk_start
 *(COMMON)
 COMMON         0x00000000200000dc       0xf1 Core/Src/DpAppl.o
                0x00000000200000dc                sDpSystemChannel1
                0x0000000020000140                pVpc3Channel1
                0x0000000020000144                Vpc3AsicAddress
                0x0000000020000148                sVpc3OnlyForInit
                0x0000000020000198                sSystem
                0x00000000200001b4                pVpc3
                0x00000000200001b8                sDpAppl
                0x00000000200001c8                sVpc3Error
 *fill*         0x00000000200001cd        0x3 
 COMMON         0x00000000200001d0      0x30a Core/Src/DpDiag.o
                0x00000000200001d0                sAlarm
                0x00000000200004d0                sIdentRelDiag
                0x00000000200004d4                sModuleStatDiag
 *fill*         0x00000000200004da        0x2 
 COMMON         0x00000000200004dc       0x9c Core/Src/main.o
                0x00000000200004dc                hspi1
                0x0000000020000534                huart2
 COMMON         0x0000000020000578        0x4 Drivers/STM32F4xx_HAL_Driver/Src/stm32f4xx_hal.o
                0x0000000020000578                uwTick
 COMMON         0x000000002000057c        0x9 c:/st/stm32cubeide_1.6.1/stm32cubeide/plugins/com.st.stm32cube.ide.mcu.externaltools.gnu-tools-for-stm32.9-2020-q2-update.win32_1.5.0.202011040924/tools/bin/../lib/gcc/arm-none-eabi/9.3.1/../../../../arm-none-eabi/lib/thumb/v7e-m+fp/hard\libc_nano.a(lib_a-lock.o)
                0x000000002000057c                __lock___atexit_recursive_mutex
                0x000000002000057d                __lock___arc4random_mutex
                0x000000002000057e                __lock___env_recursive_mutex
                0x000000002000057f                __lock___sinit_recursive_mutex
                0x0000000020000580                __lock___malloc_recursive_mutex
                0x0000000020000581                __lock___at_quick_exit_mutex
                0x0000000020000582                __lock___dd_hash_mutex
                0x0000000020000583                __lock___tz_mutex
                0x0000000020000584                __lock___sfp_recursive_mutex
 *fill*         0x0000000020000585        0x3 
 COMMON         0x0000000020000588        0x4 c:/st/stm32cubeide_1.6.1/stm32cubeide/plugins/com.st.stm32cube.ide.mcu.externaltools.gnu-tools-for-stm32.9-2020-q2-update.win32_1.5.0.202011040924/tools/bin/../lib/gcc/arm-none-eabi/9.3.1/../../../../arm-none-eabi/lib/thumb/v7e-m+fp/hard\libc_nano.a(lib_a-reent.o)
                0x0000000020000588                errno
                0x000000002000058c                . = ALIGN (0x4)
                0x000000002000058c                _ebss = .
                0x000000002000058c                __bss_end__ = _ebss

._user_heap_stack
                0x000000002000058c      0x604 load address 0x0000000008012460
                0x0000000020000590                . = ALIGN (0x8)
 *fill*         0x000000002000058c        0x4 
                [!provide]                        PROVIDE (end = .)
                0x0000000020000590                PROVIDE (_end = .)
                0x0000000020000790                . = (. + _Min_Heap_Size)
 *fill*         0x0000000020000590      0x200 
                0x0000000020000b90                . = (. + _Min_Stack_Size)
 *fill*         0x0000000020000790      0x400 
                0x0000000020000b90                . = ALIGN (0x8)

/DISCARD/
 libc.a(*)
 libm.a(*)
 libgcc.a(*)

.ARM.attributes
                0x0000000000000000       0x30
 *(.ARM.attributes)
 .ARM.attributes
                0x0000000000000000       0x1e c:/st/stm32cubeide_1.6.1/stm32cubeide/plugins/com.st.stm32cube.ide.mcu.externaltools.gnu-tools-for-stm32.9-2020-q2-update.win32_1.5.0.202011040924/tools/bin/../lib/gcc/arm-none-eabi/9.3.1/thumb/v7e-m+fp/hard/crti.o
 .ARM.attributes
                0x000000000000001e       0x34 c:/st/stm32cubeide_1.6.1/stm32cubeide/plugins/com.st.stm32cube.ide.mcu.externaltools.gnu-tools-for-stm32.9-2020-q2-update.win32_1.5.0.202011040924/tools/bin/../lib/gcc/arm-none-eabi/9.3.1/thumb/v7e-m+fp/hard/crtbegin.o
 .ARM.attributes
                0x0000000000000052       0x34 Core/Src/DpAppl.o
 .ARM.attributes
                0x0000000000000086       0x34 Core/Src/DpCfg.o
 .ARM.attributes
                0x00000000000000ba       0x34 Core/Src/DpDiag.o
 .ARM.attributes
                0x00000000000000ee       0x34 Core/Src/DpPrm.o
 .ARM.attributes
                0x0000000000000122       0x34 Core/Src/dp_if.o
 .ARM.attributes
                0x0000000000000156       0x34 Core/Src/dp_isr.o
 .ARM.attributes
                0x000000000000018a       0x34 Core/Src/main.o
 .ARM.attributes
                0x00000000000001be       0x34 Core/Src/stm32f4xx_hal_msp.o
 .ARM.attributes
                0x00000000000001f2       0x34 Core/Src/stm32f4xx_it.o
 .ARM.attributes
                0x0000000000000226       0x34 Core/Src/syscalls.o
 .ARM.attributes
                0x000000000000025a       0x34 Core/Src/sysmem.o
 .ARM.attributes
                0x000000000000028e       0x34 Core/Src/system_stm32f4xx.o
 .ARM.attributes
                0x00000000000002c2       0x34 Core/Src/vpc3_spi.o
 .ARM.attributes
                0x00000000000002f6       0x21 Core/Startup/startup_stm32f401retx.o
 .ARM.attributes
                0x0000000000000317       0x34 Drivers/STM32F4xx_HAL_Driver/Src/stm32f4xx_hal.o
 .ARM.attributes
                0x000000000000034b       0x34 Drivers/STM32F4xx_HAL_Driver/Src/stm32f4xx_hal_cortex.o
 .ARM.attributes
                0x000000000000037f       0x34 Drivers/STM32F4xx_HAL_Driver/Src/stm32f4xx_hal_dma.o
 .ARM.attributes
                0x00000000000003b3       0x34 Drivers/STM32F4xx_HAL_Driver/Src/stm32f4xx_hal_gpio.o
 .ARM.attributes
                0x00000000000003e7       0x34 Drivers/STM32F4xx_HAL_Driver/Src/stm32f4xx_hal_rcc.o
 .ARM.attributes
                0x000000000000041b       0x34 Drivers/STM32F4xx_HAL_Driver/Src/stm32f4xx_hal_spi.o
 .ARM.attributes
                0x000000000000044f       0x34 Drivers/STM32F4xx_HAL_Driver/Src/stm32f4xx_hal_uart.o
 .ARM.attributes
                0x0000000000000483       0x34 c:/st/stm32cubeide_1.6.1/stm32cubeide/plugins/com.st.stm32cube.ide.mcu.externaltools.gnu-tools-for-stm32.9-2020-q2-update.win32_1.5.0.202011040924/tools/bin/../lib/gcc/arm-none-eabi/9.3.1/../../../../arm-none-eabi/lib/thumb/v7e-m+fp/hard\libc_nano.a(lib_a-errno.o)
 .ARM.attributes
                0x00000000000004b7       0x32 c:/st/stm32cubeide_1.6.1/stm32cubeide/plugins/com.st.stm32cube.ide.mcu.externaltools.gnu-tools-for-stm32.9-2020-q2-update.win32_1.5.0.202011040924/tools/bin/../lib/gcc/arm-none-eabi/9.3.1/../../../../arm-none-eabi/lib/thumb/v7e-m+fp/hard\libc_nano.a(lib_a-impure.o)
 .ARM.attributes
                0x00000000000004e9       0x34 c:/st/stm32cubeide_1.6.1/stm32cubeide/plugins/com.st.stm32cube.ide.mcu.externaltools.gnu-tools-for-stm32.9-2020-q2-update.win32_1.5.0.202011040924/tools/bin/../lib/gcc/arm-none-eabi/9.3.1/../../../../arm-none-eabi/lib/thumb/v7e-m+fp/hard\libc_nano.a(lib_a-init.o)
 .ARM.attributes
                0x000000000000051d       0x34 c:/st/stm32cubeide_1.6.1/stm32cubeide/plugins/com.st.stm32cube.ide.mcu.externaltools.gnu-tools-for-stm32.9-2020-q2-update.win32_1.5.0.202011040924/tools/bin/../lib/gcc/arm-none-eabi/9.3.1/../../../../arm-none-eabi/lib/thumb/v7e-m+fp/hard\libc_nano.a(lib_a-memcpy-stub.o)
 .ARM.attributes
                0x0000000000000551       0x34 c:/st/stm32cubeide_1.6.1/stm32cubeide/plugins/com.st.stm32cube.ide.mcu.externaltools.gnu-tools-for-stm32.9-2020-q2-update.win32_1.5.0.202011040924/tools/bin/../lib/gcc/arm-none-eabi/9.3.1/../../../../arm-none-eabi/lib/thumb/v7e-m+fp/hard\libc_nano.a(lib_a-memset.o)
 .ARM.attributes
                0x0000000000000585       0x34 c:/st/stm32cubeide_1.6.1/stm32cubeide/plugins/com.st.stm32cube.ide.mcu.externaltools.gnu-tools-for-stm32.9-2020-q2-update.win32_1.5.0.202011040924/tools/bin/../lib/gcc/arm-none-eabi/9.3.1/../../../../arm-none-eabi/lib/thumb/v7e-m+fp/hard\libc_nano.a(lib_a-printf.o)
 .ARM.attributes
                0x00000000000005b9       0x34 c:/st/stm32cubeide_1.6.1/stm32cubeide/plugins/com.st.stm32cube.ide.mcu.externaltools.gnu-tools-for-stm32.9-2020-q2-update.win32_1.5.0.202011040924/tools/bin/../lib/gcc/arm-none-eabi/9.3.1/../../../../arm-none-eabi/lib/thumb/v7e-m+fp/hard\libc_nano.a(lib_a-putchar.o)
 .ARM.attributes
                0x00000000000005ed       0x34 c:/st/stm32cubeide_1.6.1/stm32cubeide/plugins/com.st.stm32cube.ide.mcu.externaltools.gnu-tools-for-stm32.9-2020-q2-update.win32_1.5.0.202011040924/tools/bin/../lib/gcc/arm-none-eabi/9.3.1/../../../../arm-none-eabi/lib/thumb/v7e-m+fp/hard\libc_nano.a(lib_a-puts.o)
 .ARM.attributes
                0x0000000000000621       0x34 c:/st/stm32cubeide_1.6.1/stm32cubeide/plugins/com.st.stm32cube.ide.mcu.externaltools.gnu-tools-for-stm32.9-2020-q2-update.win32_1.5.0.202011040924/tools/bin/../lib/gcc/arm-none-eabi/9.3.1/../../../../arm-none-eabi/lib/thumb/v7e-m+fp/hard\libc_nano.a(lib_a-wbuf.o)
 .ARM.attributes
                0x0000000000000655       0x34 c:/st/stm32cubeide_1.6.1/stm32cubeide/plugins/com.st.stm32cube.ide.mcu.externaltools.gnu-tools-for-stm32.9-2020-q2-update.win32_1.5.0.202011040924/tools/bin/../lib/gcc/arm-none-eabi/9.3.1/../../../../arm-none-eabi/lib/thumb/v7e-m+fp/hard\libc_nano.a(lib_a-wsetup.o)
 .ARM.attributes
                0x0000000000000689       0x34 c:/st/stm32cubeide_1.6.1/stm32cubeide/plugins/com.st.stm32cube.ide.mcu.externaltools.gnu-tools-for-stm32.9-2020-q2-update.win32_1.5.0.202011040924/tools/bin/../lib/gcc/arm-none-eabi/9.3.1/../../../../arm-none-eabi/lib/thumb/v7e-m+fp/hard\libc_nano.a(lib_a-fflush.o)
 .ARM.attributes
                0x00000000000006bd       0x34 c:/st/stm32cubeide_1.6.1/stm32cubeide/plugins/com.st.stm32cube.ide.mcu.externaltools.gnu-tools-for-stm32.9-2020-q2-update.win32_1.5.0.202011040924/tools/bin/../lib/gcc/arm-none-eabi/9.3.1/../../../../arm-none-eabi/lib/thumb/v7e-m+fp/hard\libc_nano.a(lib_a-findfp.o)
 .ARM.attributes
                0x00000000000006f1       0x34 c:/st/stm32cubeide_1.6.1/stm32cubeide/plugins/com.st.stm32cube.ide.mcu.externaltools.gnu-tools-for-stm32.9-2020-q2-update.win32_1.5.0.202011040924/tools/bin/../lib/gcc/arm-none-eabi/9.3.1/../../../../arm-none-eabi/lib/thumb/v7e-m+fp/hard\libc_nano.a(lib_a-fwalk.o)
 .ARM.attributes
                0x0000000000000725       0x34 c:/st/stm32cubeide_1.6.1/stm32cubeide/plugins/com.st.stm32cube.ide.mcu.externaltools.gnu-tools-for-stm32.9-2020-q2-update.win32_1.5.0.202011040924/tools/bin/../lib/gcc/arm-none-eabi/9.3.1/../../../../arm-none-eabi/lib/thumb/v7e-m+fp/hard\libc_nano.a(lib_a-lock.o)
 .ARM.attributes
                0x0000000000000759       0x34 c:/st/stm32cubeide_1.6.1/stm32cubeide/plugins/com.st.stm32cube.ide.mcu.externaltools.gnu-tools-for-stm32.9-2020-q2-update.win32_1.5.0.202011040924/tools/bin/../lib/gcc/arm-none-eabi/9.3.1/../../../../arm-none-eabi/lib/thumb/v7e-m+fp/hard\libc_nano.a(lib_a-makebuf.o)
 .ARM.attributes
                0x000000000000078d       0x34 c:/st/stm32cubeide_1.6.1/stm32cubeide/plugins/com.st.stm32cube.ide.mcu.externaltools.gnu-tools-for-stm32.9-2020-q2-update.win32_1.5.0.202011040924/tools/bin/../lib/gcc/arm-none-eabi/9.3.1/../../../../arm-none-eabi/lib/thumb/v7e-m+fp/hard\libc_nano.a(lib_a-nano-freer.o)
 .ARM.attributes
                0x00000000000007c1       0x34 c:/st/stm32cubeide_1.6.1/stm32cubeide/plugins/com.st.stm32cube.ide.mcu.externaltools.gnu-tools-for-stm32.9-2020-q2-update.win32_1.5.0.202011040924/tools/bin/../lib/gcc/arm-none-eabi/9.3.1/../../../../arm-none-eabi/lib/thumb/v7e-m+fp/hard\libc_nano.a(lib_a-nano-mallocr.o)
 .ARM.attributes
                0x00000000000007f5       0x34 c:/st/stm32cubeide_1.6.1/stm32cubeide/plugins/com.st.stm32cube.ide.mcu.externaltools.gnu-tools-for-stm32.9-2020-q2-update.win32_1.5.0.202011040924/tools/bin/../lib/gcc/arm-none-eabi/9.3.1/../../../../arm-none-eabi/lib/thumb/v7e-m+fp/hard\libc_nano.a(lib_a-nano-vfprintf.o)
 .ARM.attributes
                0x0000000000000829       0x34 c:/st/stm32cubeide_1.6.1/stm32cubeide/plugins/com.st.stm32cube.ide.mcu.externaltools.gnu-tools-for-stm32.9-2020-q2-update.win32_1.5.0.202011040924/tools/bin/../lib/gcc/arm-none-eabi/9.3.1/../../../../arm-none-eabi/lib/thumb/v7e-m+fp/hard\libc_nano.a(lib_a-nano-vfprintf_i.o)
 .ARM.attributes
                0x000000000000085d       0x34 c:/st/stm32cubeide_1.6.1/stm32cubeide/plugins/com.st.stm32cube.ide.mcu.externaltools.gnu-tools-for-stm32.9-2020-q2-update.win32_1.5.0.202011040924/tools/bin/../lib/gcc/arm-none-eabi/9.3.1/../../../../arm-none-eabi/lib/thumb/v7e-m+fp/hard\libc_nano.a(lib_a-putc.o)
 .ARM.attributes
                0x0000000000000891       0x34 c:/st/stm32cubeide_1.6.1/stm32cubeide/plugins/com.st.stm32cube.ide.mcu.externaltools.gnu-tools-for-stm32.9-2020-q2-update.win32_1.5.0.202011040924/tools/bin/../lib/gcc/arm-none-eabi/9.3.1/../../../../arm-none-eabi/lib/thumb/v7e-m+fp/hard\libc_nano.a(lib_a-sbrkr.o)
 .ARM.attributes
                0x00000000000008c5       0x34 c:/st/stm32cubeide_1.6.1/stm32cubeide/plugins/com.st.stm32cube.ide.mcu.externaltools.gnu-tools-for-stm32.9-2020-q2-update.win32_1.5.0.202011040924/tools/bin/../lib/gcc/arm-none-eabi/9.3.1/../../../../arm-none-eabi/lib/thumb/v7e-m+fp/hard\libc_nano.a(lib_a-stdio.o)
 .ARM.attributes
                0x00000000000008f9       0x34 c:/st/stm32cubeide_1.6.1/stm32cubeide/plugins/com.st.stm32cube.ide.mcu.externaltools.gnu-tools-for-stm32.9-2020-q2-update.win32_1.5.0.202011040924/tools/bin/../lib/gcc/arm-none-eabi/9.3.1/../../../../arm-none-eabi/lib/thumb/v7e-m+fp/hard\libc_nano.a(lib_a-writer.o)
 .ARM.attributes
                0x000000000000092d       0x34 c:/st/stm32cubeide_1.6.1/stm32cubeide/plugins/com.st.stm32cube.ide.mcu.externaltools.gnu-tools-for-stm32.9-2020-q2-update.win32_1.5.0.202011040924/tools/bin/../lib/gcc/arm-none-eabi/9.3.1/../../../../arm-none-eabi/lib/thumb/v7e-m+fp/hard\libc_nano.a(lib_a-closer.o)
 .ARM.attributes
                0x0000000000000961       0x34 c:/st/stm32cubeide_1.6.1/stm32cubeide/plugins/com.st.stm32cube.ide.mcu.externaltools.gnu-tools-for-stm32.9-2020-q2-update.win32_1.5.0.202011040924/tools/bin/../lib/gcc/arm-none-eabi/9.3.1/../../../../arm-none-eabi/lib/thumb/v7e-m+fp/hard\libc_nano.a(lib_a-fstatr.o)
 .ARM.attributes
                0x0000000000000995       0x34 c:/st/stm32cubeide_1.6.1/stm32cubeide/plugins/com.st.stm32cube.ide.mcu.externaltools.gnu-tools-for-stm32.9-2020-q2-update.win32_1.5.0.202011040924/tools/bin/../lib/gcc/arm-none-eabi/9.3.1/../../../../arm-none-eabi/lib/thumb/v7e-m+fp/hard\libc_nano.a(lib_a-isattyr.o)
 .ARM.attributes
                0x00000000000009c9       0x34 c:/st/stm32cubeide_1.6.1/stm32cubeide/plugins/com.st.stm32cube.ide.mcu.externaltools.gnu-tools-for-stm32.9-2020-q2-update.win32_1.5.0.202011040924/tools/bin/../lib/gcc/arm-none-eabi/9.3.1/../../../../arm-none-eabi/lib/thumb/v7e-m+fp/hard\libc_nano.a(lib_a-lseekr.o)
 .ARM.attributes
                0x00000000000009fd       0x1c c:/st/stm32cubeide_1.6.1/stm32cubeide/plugins/com.st.stm32cube.ide.mcu.externaltools.gnu-tools-for-stm32.9-2020-q2-update.win32_1.5.0.202011040924/tools/bin/../lib/gcc/arm-none-eabi/9.3.1/../../../../arm-none-eabi/lib/thumb/v7e-m+fp/hard\libc_nano.a(lib_a-memchr.o)
 .ARM.attributes
                0x0000000000000a19       0x34 c:/st/stm32cubeide_1.6.1/stm32cubeide/plugins/com.st.stm32cube.ide.mcu.externaltools.gnu-tools-for-stm32.9-2020-q2-update.win32_1.5.0.202011040924/tools/bin/../lib/gcc/arm-none-eabi/9.3.1/../../../../arm-none-eabi/lib/thumb/v7e-m+fp/hard\libc_nano.a(lib_a-mlock.o)
 .ARM.attributes
                0x0000000000000a4d       0x34 c:/st/stm32cubeide_1.6.1/stm32cubeide/plugins/com.st.stm32cube.ide.mcu.externaltools.gnu-tools-for-stm32.9-2020-q2-update.win32_1.5.0.202011040924/tools/bin/../lib/gcc/arm-none-eabi/9.3.1/../../../../arm-none-eabi/lib/thumb/v7e-m+fp/hard\libc_nano.a(lib_a-readr.o)
 .ARM.attributes
                0x0000000000000a81       0x34 c:/st/stm32cubeide_1.6.1/stm32cubeide/plugins/com.st.stm32cube.ide.mcu.externaltools.gnu-tools-for-stm32.9-2020-q2-update.win32_1.5.0.202011040924/tools/bin/../lib/gcc/arm-none-eabi/9.3.1/../../../../arm-none-eabi/lib/thumb/v7e-m+fp/hard\libc_nano.a(lib_a-reent.o)
 .ARM.attributes
                0x0000000000000ab5       0x1e c:/st/stm32cubeide_1.6.1/stm32cubeide/plugins/com.st.stm32cube.ide.mcu.externaltools.gnu-tools-for-stm32.9-2020-q2-update.win32_1.5.0.202011040924/tools/bin/../lib/gcc/arm-none-eabi/9.3.1/thumb/v7e-m+fp/hard\libgcc.a(_aeabi_uldivmod.o)
 .ARM.attributes
                0x0000000000000ad3       0x34 c:/st/stm32cubeide_1.6.1/stm32cubeide/plugins/com.st.stm32cube.ide.mcu.externaltools.gnu-tools-for-stm32.9-2020-q2-update.win32_1.5.0.202011040924/tools/bin/../lib/gcc/arm-none-eabi/9.3.1/thumb/v7e-m+fp/hard\libgcc.a(_udivmoddi4.o)
 .ARM.attributes
                0x0000000000000b07       0x1e c:/st/stm32cubeide_1.6.1/stm32cubeide/plugins/com.st.stm32cube.ide.mcu.externaltools.gnu-tools-for-stm32.9-2020-q2-update.win32_1.5.0.202011040924/tools/bin/../lib/gcc/arm-none-eabi/9.3.1/thumb/v7e-m+fp/hard\libgcc.a(_dvmd_tls.o)
 .ARM.attributes
                0x0000000000000b25       0x1e c:/st/stm32cubeide_1.6.1/stm32cubeide/plugins/com.st.stm32cube.ide.mcu.externaltools.gnu-tools-for-stm32.9-2020-q2-update.win32_1.5.0.202011040924/tools/bin/../lib/gcc/arm-none-eabi/9.3.1/thumb/v7e-m+fp/hard/crtn.o
OUTPUT(VPC.elf elf32-littlearm)
LOAD linker stubs
LOAD c:/st/stm32cubeide_1.6.1/stm32cubeide/plugins/com.st.stm32cube.ide.mcu.externaltools.gnu-tools-for-stm32.9-2020-q2-update.win32_1.5.0.202011040924/tools/bin/../lib/gcc/arm-none-eabi/9.3.1/../../../../arm-none-eabi/lib/thumb/v7e-m+fp/hard\libc.a
LOAD c:/st/stm32cubeide_1.6.1/stm32cubeide/plugins/com.st.stm32cube.ide.mcu.externaltools.gnu-tools-for-stm32.9-2020-q2-update.win32_1.5.0.202011040924/tools/bin/../lib/gcc/arm-none-eabi/9.3.1/../../../../arm-none-eabi/lib/thumb/v7e-m+fp/hard\libm.a
LOAD c:/st/stm32cubeide_1.6.1/stm32cubeide/plugins/com.st.stm32cube.ide.mcu.externaltools.gnu-tools-for-stm32.9-2020-q2-update.win32_1.5.0.202011040924/tools/bin/../lib/gcc/arm-none-eabi/9.3.1/thumb/v7e-m+fp/hard\libgcc.a

.debug_info     0x0000000000000000    0x1b83b
 .debug_info    0x0000000000000000     0x24d7 Core/Src/DpAppl.o
 .debug_info    0x00000000000024d7     0x1ae3 Core/Src/DpCfg.o
 .debug_info    0x0000000000003fba     0x2393 Core/Src/DpDiag.o
 .debug_info    0x000000000000634d     0x1d0c Core/Src/DpPrm.o
 .debug_info    0x0000000000008059     0x257b Core/Src/dp_if.o
 .debug_info    0x000000000000a5d4     0x1aaf Core/Src/dp_isr.o
 .debug_info    0x000000000000c083     0x256e Core/Src/main.o
 .debug_info    0x000000000000e5f1      0xec7 Core/Src/stm32f4xx_hal_msp.o
 .debug_info    0x000000000000f4b8      0x75b Core/Src/stm32f4xx_it.o
 .debug_info    0x000000000000fc13      0xfa8 Core/Src/syscalls.o
 .debug_info    0x0000000000010bbb      0xa25 Core/Src/sysmem.o
 .debug_info    0x00000000000115e0      0x5d0 Core/Src/system_stm32f4xx.o
 .debug_info    0x0000000000011bb0     0x1f55 Core/Src/vpc3_spi.o
 .debug_info    0x0000000000013b05       0x22 Core/Startup/startup_stm32f401retx.o
 .debug_info    0x0000000000013b27      0x93d Drivers/STM32F4xx_HAL_Driver/Src/stm32f4xx_hal.o
 .debug_info    0x0000000000014464      0xe41 Drivers/STM32F4xx_HAL_Driver/Src/stm32f4xx_hal_cortex.o
 .debug_info    0x00000000000152a5      0x9e9 Drivers/STM32F4xx_HAL_Driver/Src/stm32f4xx_hal_dma.o
 .debug_info    0x0000000000015c8e      0x862 Drivers/STM32F4xx_HAL_Driver/Src/stm32f4xx_hal_gpio.o
 .debug_info    0x00000000000164f0      0x9bd Drivers/STM32F4xx_HAL_Driver/Src/stm32f4xx_hal_rcc.o
 .debug_info    0x0000000000016ead     0x17b8 Drivers/STM32F4xx_HAL_Driver/Src/stm32f4xx_hal_spi.o
 .debug_info    0x0000000000018665     0x31d6 Drivers/STM32F4xx_HAL_Driver/Src/stm32f4xx_hal_uart.o

.debug_abbrev   0x0000000000000000     0x3223
 .debug_abbrev  0x0000000000000000      0x3c0 Core/Src/DpAppl.o
 .debug_abbrev  0x00000000000003c0      0x26d Core/Src/DpCfg.o
 .debug_abbrev  0x000000000000062d      0x3ba Core/Src/DpDiag.o
 .debug_abbrev  0x00000000000009e7      0x25c Core/Src/DpPrm.o
 .debug_abbrev  0x0000000000000c43      0x2e6 Core/Src/dp_if.o
 .debug_abbrev  0x0000000000000f29      0x25c Core/Src/dp_isr.o
 .debug_abbrev  0x0000000000001185      0x343 Core/Src/main.o
 .debug_abbrev  0x00000000000014c8      0x1b5 Core/Src/stm32f4xx_hal_msp.o
 .debug_abbrev  0x000000000000167d      0x174 Core/Src/stm32f4xx_it.o
 .debug_abbrev  0x00000000000017f1      0x286 Core/Src/syscalls.o
 .debug_abbrev  0x0000000000001a77      0x1bf Core/Src/sysmem.o
 .debug_abbrev  0x0000000000001c36      0x145 Core/Src/system_stm32f4xx.o
 .debug_abbrev  0x0000000000001d7b      0x353 Core/Src/vpc3_spi.o
 .debug_abbrev  0x00000000000020ce       0x12 Core/Startup/startup_stm32f401retx.o
 .debug_abbrev  0x00000000000020e0      0x21e Drivers/STM32F4xx_HAL_Driver/Src/stm32f4xx_hal.o
 .debug_abbrev  0x00000000000022fe      0x33c Drivers/STM32F4xx_HAL_Driver/Src/stm32f4xx_hal_cortex.o
 .debug_abbrev  0x000000000000263a      0x219 Drivers/STM32F4xx_HAL_Driver/Src/stm32f4xx_hal_dma.o
 .debug_abbrev  0x0000000000002853      0x1f1 Drivers/STM32F4xx_HAL_Driver/Src/stm32f4xx_hal_gpio.o
 .debug_abbrev  0x0000000000002a44      0x275 Drivers/STM32F4xx_HAL_Driver/Src/stm32f4xx_hal_rcc.o
 .debug_abbrev  0x0000000000002cb9      0x26e Drivers/STM32F4xx_HAL_Driver/Src/stm32f4xx_hal_spi.o
 .debug_abbrev  0x0000000000002f27      0x2fc Drivers/STM32F4xx_HAL_Driver/Src/stm32f4xx_hal_uart.o

.debug_aranges  0x0000000000000000      0xd38
 .debug_aranges
                0x0000000000000000       0xc0 Core/Src/DpAppl.o
 .debug_aranges
                0x00000000000000c0       0x28 Core/Src/DpCfg.o
 .debug_aranges
                0x00000000000000e8       0xe0 Core/Src/DpDiag.o
 .debug_aranges
                0x00000000000001c8       0x38 Core/Src/DpPrm.o
 .debug_aranges
                0x0000000000000200      0x108 Core/Src/dp_if.o
 .debug_aranges
                0x0000000000000308       0x28 Core/Src/dp_isr.o
 .debug_aranges
                0x0000000000000330       0x60 Core/Src/main.o
 .debug_aranges
                0x0000000000000390       0x40 Core/Src/stm32f4xx_hal_msp.o
 .debug_aranges
                0x00000000000003d0       0x68 Core/Src/stm32f4xx_it.o
 .debug_aranges
                0x0000000000000438       0xa8 Core/Src/syscalls.o
 .debug_aranges
                0x00000000000004e0       0x20 Core/Src/sysmem.o
 .debug_aranges
                0x0000000000000500       0x28 Core/Src/system_stm32f4xx.o
 .debug_aranges
                0x0000000000000528       0xa0 Core/Src/vpc3_spi.o
 .debug_aranges
                0x00000000000005c8       0x28 Core/Startup/startup_stm32f401retx.o
 .debug_aranges
                0x00000000000005f0       0xf0 Drivers/STM32F4xx_HAL_Driver/Src/stm32f4xx_hal.o
 .debug_aranges
                0x00000000000006e0      0x118 Drivers/STM32F4xx_HAL_Driver/Src/stm32f4xx_hal_cortex.o
 .debug_aranges
                0x00000000000007f8       0x90 Drivers/STM32F4xx_HAL_Driver/Src/stm32f4xx_hal_dma.o
 .debug_aranges
                0x0000000000000888       0x58 Drivers/STM32F4xx_HAL_Driver/Src/stm32f4xx_hal_gpio.o
 .debug_aranges
                0x00000000000008e0       0x88 Drivers/STM32F4xx_HAL_Driver/Src/stm32f4xx_hal_rcc.o
 .debug_aranges
                0x0000000000000968      0x1d0 Drivers/STM32F4xx_HAL_Driver/Src/stm32f4xx_hal_spi.o
 .debug_aranges
                0x0000000000000b38      0x200 Drivers/STM32F4xx_HAL_Driver/Src/stm32f4xx_hal_uart.o

.debug_ranges   0x0000000000000000      0xc20
 .debug_ranges  0x0000000000000000       0xb0 Core/Src/DpAppl.o
 .debug_ranges  0x00000000000000b0       0x18 Core/Src/DpCfg.o
 .debug_ranges  0x00000000000000c8       0xd0 Core/Src/DpDiag.o
 .debug_ranges  0x0000000000000198       0x28 Core/Src/DpPrm.o
 .debug_ranges  0x00000000000001c0       0xf8 Core/Src/dp_if.o
 .debug_ranges  0x00000000000002b8       0x18 Core/Src/dp_isr.o
 .debug_ranges  0x00000000000002d0       0x50 Core/Src/main.o
 .debug_ranges  0x0000000000000320       0x30 Core/Src/stm32f4xx_hal_msp.o
 .debug_ranges  0x0000000000000350       0x58 Core/Src/stm32f4xx_it.o
 .debug_ranges  0x00000000000003a8       0x98 Core/Src/syscalls.o
 .debug_ranges  0x0000000000000440       0x10 Core/Src/sysmem.o
 .debug_ranges  0x0000000000000450       0x18 Core/Src/system_stm32f4xx.o
 .debug_ranges  0x0000000000000468       0x90 Core/Src/vpc3_spi.o
 .debug_ranges  0x00000000000004f8       0x20 Core/Startup/startup_stm32f401retx.o
 .debug_ranges  0x0000000000000518       0xe0 Drivers/STM32F4xx_HAL_Driver/Src/stm32f4xx_hal.o
 .debug_ranges  0x00000000000005f8      0x108 Drivers/STM32F4xx_HAL_Driver/Src/stm32f4xx_hal_cortex.o
 .debug_ranges  0x0000000000000700       0x80 Drivers/STM32F4xx_HAL_Driver/Src/stm32f4xx_hal_dma.o
 .debug_ranges  0x0000000000000780       0x48 Drivers/STM32F4xx_HAL_Driver/Src/stm32f4xx_hal_gpio.o