dp_if.c:280:6:GetFirmwareVersion	16	static
dp_if.c:430:15:VPC3_MemoryTest	56	static
dp_if.c:607:15:VPC3_Initialization	24	static
dp_if.c:813:6:VPC3_Start	24	static
dp_if.c:928:6:VPC3_Stop	8	static
dp_if.c:956:22:VPC3_SetConstants	24	static
dp_if.c:1190:15:VPC3_CalculateInpOutpLength	24	static
dp_if.c:1304:22:VPC3_InitBufferStructure	32	static
dp_if.c:1533:20:VPC3_GetDoutBufPtr	24	static
dp_if.c:1578:20:VPC3_GetDinBufPtr	16	static
dp_if.c:1621:6:VPC3_InputDataUpdate	24	static
dp_if.c:1774:9:VPC3_GetMasterAddress	16	static
dp_if.c:1807:6:VPC3_SetIoDataLength	8	static
dp_if.c:1833:6:VPC3_GetErrorCounter	24	static
dp_if.c:1850:6:VPC3_CopyErrorCounter	24	static
dp_if.c:1870:15:VPC3_WaitForGoOffline	16	static
dp_if.c:1901:20:VPC3_GetDiagBufPtr	16	static
dp_if.c:1997:27:VPC3_UpdateDiagnosis	32	static
dp_if.c:2074:27:VPC3_CheckDiagBufPtr	16	static
dp_if.c:2086:6:VPC3_CheckDiagBufferChanged	16	static
dp_if.c:2156:15:VPC3_SetDiagnosis	40	static
dp_if.c:2349:9:VPC3_SetAlarm	16	static
dp_if.c:2373:10:VPC3_GetFreeMemory	16	static
dp_if.c:2389:6:VPC3_ProcessDpv1StateMachine	4	static
dp_if.c:2413:9:VPC3_ForceModeReg2	16	static
dp_if.c:2456:9:VPC3_MonitorAndRecoverModeReg2	16	static
dp_if.c:2507:15:VPC3_ValidateSegmentPointers	16	static
dp_if.c:2577:9:VPC3_DiagnoseMemoryMode	16	static
dp_if.c:2611:9:VPC3_HardwareReset	16	static
dp_if.c:2657:9:VPC3_AdaptiveModeReg2Monitor	16	static
