DpAppl.c:87:16:DpAppl_TestApplEvent	16	static
DpAppl.c:106:13:DpAppl_SetApplEvent	16	static
DpAppl.c:121:13:DpAppl_CheckEvIoOut	16	static
DpAppl.c:156:13:DpAppl_ReadInputData	24	static
DpAppl.c:199:13:DpAppl_ApplicationReady	8	static
DpAppl.c:235:6:DpAppl_ProfibusInit	16	static
DpAppl.c:328:6:DpAppl_ProfibusMain	40	static
DpAppl.c:740:16:DpAppl_ValidateCommunicationStability	16	static
DpAppl.c:779:6:DpAppl_FatalError	24	static
DpAppl.c:866:6:DpAppl_MacReset	4	static
DpAppl.c:881:6:DpAppl_IsrGoLeaveDataExchange	24	static
DpAppl.c:943:6:DpAppl_IsrDxOut	8	static
DpAppl.c:960:6:DpAppl_IsrNewWdDpTimeout	4	static
DpAppl.c:983:6:DpAppl_IsrBaudrateDetect	4	static
DpAppl.c:997:6:DpAppl_IsrNewGlobalControlCommand	16	static
DpAppl.c:1012:6:DpAppl_IsrNewSetSlaveAddress	16	static
DpAppl.c:1035:6:DpAppl_IsrTimerClock	8	static
DpAppl.c:1084:6:DpAppl_ClrResetVPC3Channel1	8	static
DpAppl.c:1098:6:DpAppl_DisableInterruptVPC3Channel1	8	static
DpAppl.c:1110:6:DpAppl_EnableInterruptVPC3Channel1	8	static
DpAppl.c:1123:10:leer_feedback	4	static
