DpDiag.c:119:6:DpDiag_AlarmInit	8	static
DpDiag.c:135:22:DpDiag_AlarmAlloc	16	static
DpDiag.c:170:6:DpDiag_FreeAlarmBuffer	24	static
DpDiag.c:200:6:DpDiag_Init	4	static
DpDiag.c:214:16:DpDiag_CheckExtDiagBit	16	static
DpDiag.c:243:16:DpDiag_AddIdentRelDiagBlock	24	static
DpDiag.c:264:16:DpDiag_AddModuleStatDiagBlock	24	static
DpDiag.c:285:16:DpDiag_AddChannelRelDiagBlock	32	static
DpDiag.c:326:16:DpDiag_AddProcessAlarm	24	static
DpDiag.c:350:16:DpDiag_AddDiagnosticAlarm	24	static
DpDiag.c:408:15:DpDiag_Alarm	32	static
DpDiag.c:599:15:DpDiag_SetPrmOk	24	static
DpDiag.c:630:15:DpDiag_SetPrmNotOk	24	static
DpDiag.c:659:16:DpDiag_SetCfgOk	24	static
DpDiag.c:708:9:DpDiag_SetCfgNotOk	8	static
DpDiag.c:727:9:DpDiag_ResetStatDiag	8	static
DpDiag.c:742:6:DpDiag_ResetDiagnosticBuffer	16	static
DpDiag.c:762:6:DpDiag_IsrDiagBufferChanged	16	static
DpDiag.c:791:9:DpDiag_DemoDiagnostic	48	static
DpDiag.c:914:6:DpDiag_SetDefIdentRelDiag	16	static
DpDiag.c:929:6:DpDiag_SetIdentRelDiagEntry	16	static
DpDiag.c:942:6:DpDiag_ClrIdentRelDiagEntry	16	static
DpDiag.c:953:6:DpDiag_SetDefModuleStatDiag	16	static
DpDiag.c:969:6:DpDiag_SetModulStatusEntry	16	static
DpDiag.c:978:6:DpDiag_CheckDpv0Diagnosis	8	static
